; ============================================================================
; Plug n dont Play me — Windows 11 Default Services Master Database
; Source Provenance (Static Immutable Digital Archive):
; https://web.archive.org/web/20250918014956/https://www.winhelponline.com/blog/windows-11-default-services-configuration/
; WARNING: Per-User dynamic hex suffixes (e.g., _1768de) have been agnostically stripped.
; ============================================================================
;ServiceName|DisplayName|ImagePath|StartupType|LogOnAs|Permissions
AJRouter|AllJoyn Router Service|C:\Windows\system32\svchost.exe -k LocalServiceNetworkRestricted -p|Manual (Triggered)|NT AUTHORITY\LocalService|O:SYG:SYD:(A;;CCLCSWRPWPDTLOCRRC;;;SY)(A;;CCDCLCSWRPWPDTLOCRSDRCWDWO;;;BA)(A;;CCLCSWLOCRRC;;;IU)(A;;CCLCSWLOCRRC;;;SU)(A;;CR;;;AU)S:(AU;FA;CCDCLCSWRPWPDTLOCRSDRCWDWO;;;WD)
ALG|Application Layer Gateway Service|C:\Windows\System32\alg.exe|Manual|NT AUTHORITY\LocalService|O:SYG:SYD:(A;;CCLCSWRPWPDTLOCRRC;;;SY)(A;;CCDCLCSWRPWPDTLOCRSDRCWDWO;;;BA)(A;;CCLCSWLOCRRC;;;IU)(A;;CCLCSWLOCRRC;;;SU)S:(AU;FA;CCDCLCSWRPWPDTLOCRSDRCWDWO;;;WD)
AppIDSvc|Application Identity|C:\Windows\system32\svchost.exe -k LocalServiceNetworkRestricted -p|Manual (Triggered)|NT Authority\LocalService|O:SYG:SYD:(A;;CCLCSWRPWPDTLOCRRC;;;SY)(A;;CCDCLCSWRPWPDTLOCRSDRCWDWO;;;BA)(A;;CCLCSWLOCRRC;;;IU)(A;;CCLCSWLOCRRC;;;SU)S:(AU;FA;CCDCLCSWRPWPDTLOCRSDRCWDWO;;;WD)
Appinfo|Application Information|C:\Windows\system32\svchost.exe -k netsvcs -p|Manual (Triggered)|LocalSystem|O:SYG:SYD:(A;;CCLCSWRPWPDTLOCRRC;;;SY)(A;;CCDCLCSWRPWPDTLOCRSDRCWDWO;;;BA)(A;;CCLCSWRPLOCRRC;;;IU)(A;;CCLCSWLOCRRC;;;SU)(A;;CR;;;AU)S:(AU;FA;CCDCLCSWRPWPDTLOCRSDRCWDWO;;;WD)
AppMgmt|Application Management|C:\Windows\system32\svchost.exe -k netsvcs -p|Manual|LocalSystem|O:SYG:SYD:(A;;CCLCSWLORC;;;AU)(A;;CCDCLCSWRPWPDTLOCRSDRCWDWO;;;BA)(A;;CCLCSWRPLO;;;IU)(A;;CCLCSWLO;;;BU)S:(AU;FA;CCDCLCSWRPWPDTLOCRSDRCWDWO;;;WD)
AppReadiness|App Readiness|C:\Windows\System32\svchost.exe -k AppReadiness -p|Manual|LocalSystem|O:SYG:SYD:(A;;CCLCSWRPWPDTLOCRRC;;;SY)(A;;CCDCLCSWRPWPDTLOCRSDRCWDWO;;;BA)(A;;CCLCSWLOCRRC;;;IU)(A;;CCLCSWLOCRRC;;;SU)S:(AU;FA;CCDCLCSWRPWPDTLOCRSDRCWDWO;;;WD)
AppVClient|Microsoft App-V Client|C:\Windows\system32\AppVClient.exe|Disabled|LocalSystem|O:SYG:SYD:(A;;CCLCSWRPLORC;;;AU)(A;;CCDCLCSWRPWPDTLOCRSDRCWDWO;;;BA)(A;;CCDCLCSWRPWPDTLOCRSDRCWDWO;;;SY)S:(AU;FA;CCDCLCSWRPWPDTLOSDRCWDWO;;;WD)
AppXSvc|AppX Deployment Service (AppXSVC)|C:\Windows\system32\svchost.exe -k wsappx -p|Manual (Triggered)|LocalSystem|O:S-1-5-80-956008885-3418522649-1831038044-1853292631-2271478464G:S-1-5-80-956008885-3418522649-1831038044-1853292631-2271478464D:(A;;LCRP;;;AC)(A;;CCDCLCSWRPWPDTLOCRSDRCWDWO;;;S-1-5-80-956008885-3418522649-1831038044-1853292631-2271478464)(A;;CCLCSWRPWPDTLOCRRC;;;SY)(A;;CCLCSWRPWPDTLOCRRC;;;BA)(A;;CCLCSWRPLOCRRC;;;IU)(A;;CCLCSWRPLOCRRC;;;SU)S:(AU;FA;CCDCLCSWRPWPDTLOCRSDRCWDWO;;;WD)
AssignedAccessManagerSvc|AssignedAccessManager Service|C:\Windows\system32\svchost.exe -k AssignedAccessManagerSvc|Manual (Triggered)|LocalSystem|O:SYG:SYD:(A;;CCLCSWRPWPDTLOCRRC;;;SY)(A;;CCDCLCSWRPWPDTLOCRSDRCWDWO;;;BA)(A;;CCLCSWLOCRRC;;;IU)(A;;CCLCSWLOCRRC;;;SU)S:(AU;FA;CCDCLCSWRPWPDTLOCRSDRCWDWO;;;WD)
AudioEndpointBuilder|Windows Audio Endpoint Builder|C:\Windows\System32\svchost.exe -k LocalSystemNetworkRestricted -p|Auto|LocalSystem|O:SYG:SYD:(A;;CCLCSWRPWPDTLOCRRC;;;SY)(A;;CCDCLCSWRPWPDTLOCRSDRCWDWO;;;BA)(A;;CCLCSWLOCRRC;;;IU)(A;;CCLCSWLOCRRC;;;SU)S:(AU;FA;CCDCLCSWRPWPDTLOCRSDRCWDWO;;;WD)
Audiosrv|Windows Audio|C:\Windows\System32\svchost.exe -k LocalServiceNetworkRestricted -p|Auto|NT AUTHORITY\LocalService|O:SYG:SYD:(A;;CCLCSWRPWPDTLOCRRC;;;SY)(A;;CCDCLCSWRPWPDTLOCRSDRCWDWO;;;BA)(A;;CCLCSWLOCRRC;;;IU)(A;;CCLCSWLOCRRC;;;SU)(A;;CCLCSWLORC;;;AC)(A;;CCLCSWLORC;;;S-1-15-3-1024-1692970155-4054893335-185714091-3362601943-3526593181-1159816984-2199008581-497492991)
autotimesvc|Cellular Time|C:\Windows\system32\svchost.exe -k autoTimeSvc|Manual (Triggered)|NT AUTHORITY\LocalService|O:SYG:SYD:(A;;CCLCSWRPWPDTLOCRRC;;;SY)(A;;CCDCLCSWRPWPDTLOCRSDRCWDWO;;;BA)(A;;CCLCSWLOCRRC;;;IU)(A;;CCLCSWLOCRRC;;;SU)S:(AU;FA;CCDCLCSWRPWPDTLOCRSDRCWDWO;;;WD)
AxInstSV|ActiveX Installer (AxInstSV)|C:\Windows\system32\svchost.exe -k AxInstSVGroup|Manual|LocalSystem|O:SYG:SYD:(A;;CCLCSWRPWPDTLOCRRC;;;SY)(A;;CCDCLCSWRPWPDTLOCRSDRCWDWO;;;BA)(A;;CCLCSWLOCRRC;;;IU)(A;;CCLCSWLOCRRC;;;SU)S:(AU;FA;CCDCLCSWRPWPDTLOCRSDRCWDWO;;;WD)
BDESVC|BitLocker Drive Encryption Service|C:\Windows\System32\svchost.exe -k netsvcs -p|Manual (Triggered)|localSystem|O:SYG:SYD:(A;;CCDCLCSWRPWPDTLORCWDWO;;;SY)(A;;CCDCLCSWRPWPDTLORCWDWO;;;BA)(A;;CCLCSWRPLORC;;;BU)(A;;CCLCSWRPLORC;;;AU)S:(AU;FA;CCDCLCSWRPWPDTLOSDRCWDWO;;;WD)
BFE|Base Filtering Engine|C:\Windows\system32\svchost.exe -k LocalServiceNoNetworkFirewall -p|Auto|NT AUTHORITY\LocalService|O:SYG:SYD:(A;;CCLCLORC;;;AU)(A;;CCDCLCSWRPLORCWDWO;;;SY)(A;;CCLCSWRPLORCWDWO;;;BA)(A;;CCLCLO;;;BU)S:(AU;FA;CCDCLCSWRPWPDTLOSDRCWDWO;;;WD)
BITS|Background Intelligent Transfer Service|C:\Windows\System32\svchost.exe -k netsvcs -p|Manual|LocalSystem|O:BAG:BAD:(A;CI;CCDCLCSWRPWPDTLOCRSDRCWDWO;;;SY)(A;;CCDCLCSWRPWPDTLOCRSDRCWDWO;;;BA)(A;;CCLCSWLOCRRC;;;IU)(A;;CCLCSWLOCRRC;;;SU)S:(AU;SAFA;WDWO;;;BA)
BrokerInfrastructure|Background Tasks Infrastructure Service|C:\Windows\system32\svchost.exe -k DcomLaunch -p|Auto|LocalSystem|O:SYG:SYD:(A;;CCLCLORC;;;AU)(A;;CCDCLCSWRPWPDTLORCWDWO;;;SY)(A;;CCLCSWRPWPDTLORCWDWO;;;BA)(A;;CCLCRPLO;;;BU)S:(AU;FA;CCDCLCSWRPWPDTLOSDRCWDWO;;;WD)
BTAGService|Bluetooth Audio Gateway Service|C:\Windows\system32\svchost.exe -k LocalServiceNetworkRestricted|Manual (Triggered)|NT AUTHORITY\LocalService|O:SYG:SYD:(A;;CCLCSWRPWPDTLOCRRC;;;SY)(A;;CCDCLCSWRPWPDTLOCRSDRCWDWO;;;BA)(A;;CCLCSWLOCRRC;;;IU)(A;;CCLCSWLOCRRC;;;SU)S:(AU;FA;CCDCLCSWRPWPDTLOCRSDRCWDWO;;;WD)
BthAvctpSvc|AVCTP service|C:\Windows\system32\svchost.exe -k LocalService -p|Manual (Triggered)|NT AUTHORITY\LocalService|O:SYG:SYD:(A;;CCLCSWRPWPDTLOCRRC;;;SY)(A;;CCDCLCSWRPWPDTLOCRSDRCWDWO;;;BA)(A;;CCLCSWLOCRRC;;;IU)(A;;CCLCSWLOCRRC;;;SU)S:(AU;FA;CCDCLCSWRPWPDTLOCRSDRCWDWO;;;WD)
bthserv|Bluetooth Support Service|C:\Windows\system32\svchost.exe -k LocalService -p|Manual (Triggered)|NT AUTHORITY\LocalService|O:SYG:SYD:(A;;CCLCSWRPWPDTLOCRRC;;;SY)(A;;CCDCLCSWRPWPDTLOCRSDRCWDWO;;;BA)(A;;CCLCSWLOCRRC;;;IU)(A;;CCLCSWLOCRRC;;;SU)S:(AU;FA;CCDCLCSWRPWPDTLOCRSDRCWDWO;;;WD)
camsvc|Capability Access Manager Service|C:\Windows\system32\svchost.exe -k osprivacy -p|Manual (Triggered)|LocalSystem|O:SYG:SYD:(A;;CCLCSWRPWPDTLOCRRC;;;SY)(A;;CCDCLCSWRPWPDTLOCRSDRCWDWO;;;BA)(A;;CCLCSWLOCRRC;;;IU)(A;;CCLCSWLOCRRC;;;SU)S:(AU;FA;CCDCLCSWRPWPDTLOCRSDRCWDWO;;;WD)
CDPSvc|Connected Devices Platform Service|C:\Windows\system32\svchost.exe -k LocalService -p|Auto (Delayed, Triggered)|NT AUTHORITY\LocalService|O:SYG:SYD:(A;;CCLCSWRPWPDTLOCRRC;;;SY)(A;;CCDCLCSWRPWPDTLOCRSDRCWDWO;;;BA)(A;;CCLCSWLOCRRC;;;IU)(A;;CCLCSWLOCRRC;;;SU)(A;;CR;;;AU)S:(AU;FA;CCDCLCSWRPWPDTLOCRSDRCWDWO;;;WD)
CertPropSvc|Certificate Propagation|C:\Windows\system32\svchost.exe -k netsvcs|Manual (Triggered)|LocalSystem|O:BAG:BAD:(A;CI;CCDCLCSWRPWPDTLOCRSDRCWDWO;;;SY)(A;;CCDCLCSWRPWPDTLOCRRC;;;BA)(A;;CCLCSWLOCRRC;;;IU)(A;;CCLCSWLOCRRC;;;SU)(A;;RPWP;;;S-1-5-80-446051430-1559341753-4161941529-1950928533-810483104)S:(AU;SAFA;WDWO;;;BA)
ClipSVC|Client License Service (ClipSVC)|C:\Windows\System32\svchost.exe -k wsappx -p|Manual (Triggered)|LocalSystem|O:SYG:SYD:(A;;CCDCLCSWRPWPDTLOCRRC;;;SY)(A;;CCLCSWRPWPDTLOCRSDRCWDWO;;;BA)(A;;CCLCSWRPLOCRRC;;;IU)(A;;LCRPLO;;;AC)(A;;CCLCSWRPLOCRRC;;;SU)(A;;LCRP;;;AU)S:(AU;FA;CCDCLCSWRPWPDTLOCRSDRCWDWO;;;WD)
cloudidsvc|Microsoft Cloud Identity Service|C:\Windows\system32\svchost.exe -k CloudIdServiceGroup -p|Manual|NT AUTHORITY\NetworkService|O:SYG:SYD:(A;;CCLCSWRPWPDTLOCRRC;;;SY)(A;;CCDCLCSWRPWPDTLOCRSDRCWDWO;;;BA)(A;;CCLCSWRPLORC;;;AU)(A;;CCLCSWRPLORC;;;AC)(A;;CCLCSWRPLORC;;;S-1-15-3-1024-1065365936-1281604716-3511738428-1654721687-432734479-3232135806-4053264122-3456934681)
COMSysApp|COM+ System Application|C:\Windows\system32\dllhost.exe /Processid:{02D4B3F1-FD88-11D1-960D-00805FC79235}|Manual|LocalSystem|O:SYG:SYD:(A;;CCLCSWRPWPDTLOCRRC;;;SY)(A;;CCDCLCSWRPWPDTLOCRSDRCWDWO;;;BA)(A;;CCLCSWLOCRRC;;;IU)(A;;CCLCSWLOCRRC;;;SU)S:(AU;FA;CCDCLCSWRPWPDTLOCRSDRCWDWO;;;WD)
CoreMessagingRegistrar|CoreMessaging|C:\Windows\system32\svchost.exe -k LocalServiceNoNetwork -p|Auto|NT AUTHORITY\LocalService|O:SYG:SYD:(A;;CCLCSWRPWPDTLOCRRC;;;SY)(A;;CCLCSWRPWPDTLOCRRC;;;BA)(A;;CCLCSWRPLOCRRC;;;SU)(A;;CCLCSWRPLOCRRC;;;IU)(A;;CCLCSWRPLOCRRC;;;AC)
CryptSvc|Cryptographic Services|C:\Windows\system32\svchost.exe -k NetworkService -p|Auto (Triggered)|NT Authority\NetworkService|O:SYG:SYD:(A;;CCLCSWRPWPDTLOCRRC;;;SY)(A;;CCDCLCSWRPWPDTLOCRSDRCWDWO;;;BA)(A;;CCLCSWLOCRRC;;;IU)(A;;CCLCSWLOCRRC;;;SU)(A;;CCLCSWRPWPDTLOCRRC;;;SO)(A;;CCLCSWLORC;;;AC)(A;;CCLCSWLORC;;;S-1-15-3-1024-3203351429-2120443784-2872670797-1918958302-2829055647-4275794519-765664414-2751773334)
CscService|Offline Files|C:\Windows\System32\svchost.exe -k LocalSystemNetworkRestricted -p|Manual (Triggered)|LocalSystem|O:SYG:SYD:(A;;CCLCSWRPWPDTLOCRRC;;;SY)(A;;CCDCLCSWRPWPDTLOCRSDRCWDWO;;;BA)(A;;CCLCSWLOCRRC;;;IU)(A;;CCLCSWLOCRRC;;;SU)S:(AU;FA;CCDCLCSWRPWPDTLOCRSDRCWDWO;;;WD)
DcomLaunch|DCOM Server Process Launcher|C:\Windows\system32\svchost.exe -k DcomLaunch -p|Auto|LocalSystem|O:SYG:SYD:(A;;CCLCLORC;;;AU)(A;;CCDCLCSWRPWPDTLORCWDWO;;;SY)(A;;CCLCSWRPWPDTLORCWDWO;;;BA)(A;;CCLCLO;;;BU)S:(AU;FA;CCDCLCSWRPWPDTLOSDRCWDWO;;;WD)
dcsvc|Declared Configuration(DC) service|C:\Windows\system32\svchost.exe -k netsvcs -p|Manual (Triggered)|LocalSystem|O:SYG:SYD:(A;;CCLCSWRPWPDTLOCRRC;;;SY)(A;;CCDCLCSWRPWPDTLOCRSDRCWDWO;;;BA)(A;;CCLCSWLOCRRC;;;IU)(A;;CCLCSWLOCRRC;;;SU)S:(AU;FA;CCDCLCSWRPWPDTLOCRSDRCWDWO;;;WD)
defragsvc|Optimize drives|C:\Windows\system32\svchost.exe -k defragsvc|Manual|localSystem|O:SYG:SYD:(A;;CCLCSWRPWPDTLOCRRC;;;SY)(A;;CCDCLCSWRPWPDTLOCRSDRCWDWO;;;BA)(A;;CCLCSWLOCRRC;;;IU)(A;;CCLCSWLOCRRC;;;SU)S:(AU;FA;CCDCLCSWRPWPDTLOCRSDRCWDWO;;;WD)
DeviceAssociationService|Device Association Service|C:\Windows\system32\svchost.exe -k LocalSystemNetworkRestricted -p|Manual (Triggered)|LocalSystem|O:SYG:SYD:(A;;CCLCSWRPWPDTLOCRRC;;;SY)(A;;CCDCLCSWRPWPDTLOCRSDRCWDWO;;;BA)(A;;CCLCSWLOCRRC;;;IU)(A;;CCLCSWLOCRRC;;;SU)S:(AU;FA;CCDCLCSWRPWPDTLOCRSDRCWDWO;;;WD)
DeviceInstall|Device Install Service|C:\Windows\system32\svchost.exe -k DcomLaunch -p|Manual (Triggered)|LocalSystem|O:SYG:SYD:(A;;CCLCSWRPWPDTLOCRRC;;;SY)(A;;CCDCLCSWRPWPDTLOCRSDRCWDWO;;;BA)(A;;CCLCSWLOCRRC;;;IU)(A;;CCLCSWLOCRRC;;;SU)S:(AU;FA;CCDCLCSWRPWPDTLOCRSDRCWDWO;;;WD)
DevQueryBroker|DevQuery Background Discovery Broker|C:\Windows\system32\svchost.exe -k LocalSystemNetworkRestricted -p|Manual (Triggered)|LocalSystem|O:SYG:SYD:(A;;CCLCSWRPWPDTLOCRRC;;;SY)(A;;CCDCLCSWRPWPDTLOCRSDRCWDWO;;;BA)(A;;CCLCSWLOCRRC;;;IU)(A;;CCLCSWLOCRRC;;;SU)S:(AU;FA;CCDCLCSWRPWPDTLOCRSDRCWDWO;;;WD)
Dhcp|DHCP Client|C:\Windows\system32\svchost.exe -k LocalServiceNetworkRestricted -p|Auto|NT Authority\LocalService|O:SYG:SYD:(A;;CCLCSWLOCRRC;;;AU)(A;;CCLCSWRPWPDTLOCRRC;;;NO)(A;;CCDCLCSWRPWPDTLOCRSDRCWDWO;;;BA)(A;;CCLCSWRPLOCRRC;;;S-1-2-1)(A;;CCLCSWRPWPDTLOCRRC;;;SY)S:(AU;FA;CCDCLCSWRPWPDTLOCRSDRCWDWO;;;WD)
diagnosticshub.standardcollector.service|Microsoft (R) Diagnostics Hub Standard Collector Service|C:\Windows\system32\DiagSvcs\DiagnosticsHub.StandardCollector.Service.exe|Manual|LocalSystem|O:SYG:SYD:(A;;CCLCSWRPWPDTLOCRRC;;;SY)(A;;CCDCLCSWRPWPDTLOCRSDRCWDWO;;;BA)(A;;CCLCSWLOCRRC;;;IU)(A;;CCLCSWLOCRRC;;;SU)S:(AU;FA;CCDCLCSWRPWPDTLOCRSDRCWDWO;;;WD)
diagsvc|Diagnostic Execution Service|C:\Windows\System32\svchost.exe -k diagnostics|Manual (Triggered)|LocalSystem|O:SYG:SYD:(A;;CCLCSWRPWPDTLOCRRC;;;SY)(A;;CCDCLCSWRPWPDTLOCRSDRCWDWO;;;BA)(A;;CCLCSWLOCRRC;;;IU)(A;;CCLCSWLOCRRC;;;SU)S:(AU;FA;CCDCLCSWRPWPDTLOCRSDRCWDWO;;;WD)
DiagTrack|Connected User Experiences and Telemetry|C:\Windows\System32\svchost.exe -k utcsvc -p|Auto|LocalSystem|O:SYG:SYD:(A;;CCLCSWRPWPDTLOCRRC;;;SY)(A;;CCDCLCSWRPWPDTLOCRSDRCWDWO;;;BA)(A;;CCLCSWLOCRRC;;;IU)(A;;CCLCSWLOCRRC;;;SU)S:(AU;FA;CCDCLCSWRPWPDTLOCRSDRCWDWO;;;WD)
DialogBlockingService|DialogBlockingService|C:\Windows\system32\svchost.exe -k DialogBlockingService|Disabled|LocalSystem|O:SYG:SYD:(A;;CCLCSWRPWPDTLOCRRC;;;SY)(A;;CCDCLCSWRPWPDTLOCRSDRCWDWO;;;BA)(A;;CCLCSWLOCRRC;;;IU)(A;;CCLCSWLOCRRC;;;SU)S:(AU;FA;CCDCLCSWRPWPDTLOCRSDRCWDWO;;;WD)
DispBrokerDesktopSvc|Display Policy Service|C:\Windows\system32\svchost.exe -k LocalService -p|Auto|NT AUTHORITY\LocalService|O:SYG:SYD:(A;;CCLCSWRPWPDTLOCRRC;;;SY)(A;;CCDCLCSWRPWPDTLOCRSDRCWDWO;;;BA)(A;;CCLCSWLOCRRC;;;IU)(A;;CCLCSWLOCRRC;;;SU)S:(AU;FA;CCDCLCSWRPWPDTLOCRSDRCWDWO;;;WD)
DisplayEnhancementService|Display Enhancement Service|C:\Windows\system32\svchost.exe -k LocalSystemNetworkRestricted -p|Manual (Triggered)|LocalSystem|O:SYG:SYD:(A;;LCRPCR;;;AC)(A;;LCRPCR;;;AU)(A;;CCLCSWRPWPDTLOCRRC;;;SY)(A;;CCDCLCSWRPWPDTLOCRSDRCWDWO;;;BA)(A;;CCLCSWLOCRRC;;;IU)(A;;CCLCSWLOCRRC;;;SU)S:(AU;FA;CCDCLCSWRPWPDTLOCRSDRCWDWO;;;WD)
DmEnrollmentSvc|Device Management Enrollment Service|C:\Windows\system32\svchost.exe -k netsvcs -p|Manual|LocalSystem|O:SYG:SYD:(A;;CCLCSWRPWPDTLOCRRC;;;SY)(A;;CCDCLCSWRPWPDTLOCRSDRCWDWO;;;BA)(A;;CCLCSWLOCRRC;;;IU)(A;;CCLCSWLOCRRC;;;SU)S:(AU;FA;CCDCLCSWRPWPDTLOCRSDRCWDWO;;;WD)
dmwappushservice|Device Management Wireless Application Protocol (WAP) Push message Routing Service|C:\Windows\system32\svchost.exe -k netsvcs -p|Manual (Triggered)|LocalSystem|O:SYG:SYD:(A;;CCLCSWLOCRRC;;;IU)(A;;CCLCSWLOCRRC;;;SU)(A;;CCDCLCSWRPWPDTLOCRSDRCWDWO;;;SY)(A;;CCDCLCSWRPWPDTLOCRSDRCWDWO;;;BA)(A;;LCRP;;;AC)(A;;LCRP;;;IU)(A;;LCRP;;;AU)
Dnscache|DNS Client|C:\Windows\system32\svchost.exe -k NetworkService -p|Auto (Triggered)|NT AUTHORITY\NetworkService|O:SYG:SYD:(A;CI;CCLCSWRPLORC;;;BU)(A;CI;CCLCSWRPDTLORC;;;BA)(A;CI;CCLCSWRPDTLORC;;;SY)(A;;CCLCSWRPLORC;;;IU)(A;CI;CCLCSWRPLORC;;;NS)(A;CI;CCLCSWRPLORC;;;LS)(A;CI;CCLCSWRPDTLORC;;;NO)(A;CI;CCLCSWDTLOCRRC;;;S-1-5-80-2940520708-3855866260-481812779-327648279-1710889582)(A;CI;CCLCSWRPLORC;;;AC)(A;CI;CCLCSWRPLORC;;;S-1-15-3-1)(A;CI;CCLCSWRPLORC;;;S-1-15-3-2)(A;CI;CCLCSWRPLORC;;;S-1-15-3-3)S:(AU;FA;CCLCSWRPDTLORC;;;WD)
DoSvc|Delivery Optimization|C:\Windows\System32\svchost.exe -k NetworkService -p|Auto (Delayed, Triggered)|NT Authority\NetworkService|O:SYG:SYD:(A;;CCLCSWRPLORC;;;AU)(A;;CCDCLCSWRPWPDTLOCRSDRCWDWO;;;BA)(A;;CCDCLCSWRPWPDTLOCRSDRCWDWO;;;SY)(A;;DCWPRC;;;S-1-5-80-3055155277-3816794035-3994065555-2874236192-2193176987)S:(AU;FA;CCDCLCSWRPWPDTLOCRSDRCWDWO;;;WD)
dot3svc|Wired AutoConfig|C:\Windows\system32\svchost.exe -k LocalSystemNetworkRestricted -p|Manual|localSystem|O:SYG:SYD:(A;;CCLCSWRPWPDTLOCRRC;;;SY)(A;;CCDCLCSWRPWPDTLOCRSDRCWDWO;;;BA)(A;;CCLCSWLOCRRC;;;IU)(A;;CCLCSWLOCRRC;;;SU)S:(AU;FA;CCDCLCSWRPWPDTLOCRSDRCWDWO;;;WD)
DPS|Diagnostic Policy Service|C:\Windows\System32\svchost.exe -k LocalServiceNoNetwork -p|Auto|NT AUTHORITY\LocalService|O:SYG:SYD:(A;;CCDCLCSWRPWPDTLOCRSDRCWDWO;;;SY)(A;;CCDCLCSWRPWPDTLOCRRC;;;BA)(A;;CCLCSWLOCRRC;;;IU)(A;;CCLCSWLOCRRC;;;SU)S:(AU;FA;CCDCLCSWRPWPDTLOCRSDRCWDWO;;;WD)
DsmSvc|Device Setup Manager|C:\Windows\system32\svchost.exe -k netsvcs -p|Manual (Triggered)|LocalSystem|O:SYG:SYD:(A;;CCLCSWRPWPDTLOCRRC;;;SY)(A;;CCDCLCSWRPWPDTLOCRSDRCWDWO;;;BA)(A;;CCLCSWLOCRRC;;;IU)(A;;CCLCSWLOCRRC;;;SU)(A;;RP;;;BU)S:(AU;FA;CCDCLCSWRPWPDTLOCRSDRCWDWO;;;WD)
DsSvc|Data Sharing Service|C:\Windows\System32\svchost.exe -k LocalSystemNetworkRestricted -p|Manual (Triggered)|LocalSystem|O:SYG:SYD:(A;;CCLCSWLOCRRC;;;IU)(A;;CCLCSWLOCRRC;;;SU)(A;;CCDCLCSWRPWPDTLOCRSDRCWDWO;;;SY)(A;;CCDCLCSWRPWPDTLOCRSDRCWDWO;;;BA)(A;;LCRP;;;WD)(A;;LCRP;;;AC)
DusmSvc|Data Usage|C:\Windows\System32\svchost.exe -k LocalServiceNetworkRestricted -p|Auto|NT Authority\LocalService|O:SYG:SYD:(A;;CCLCSWRPWPDTLOCRRC;;;SY)(A;;CCDCLCSWRPWPDTLOCRSDRCWDWO;;;BA)(A;;CCLCSWLOCRRC;;;IU)(A;;CCLCSWLOCRRC;;;SU)S:(AU;FA;CCDCLCSWRPWPDTLOCRSDRCWDWO;;;WD)
EapHost|Extensible Authentication Protocol|C:\Windows\System32\svchost.exe -k netsvcs -p|Manual|localSystem|O:SYG:SYD:(A;;CCLCSWRPWPDTLOCRRC;;;SY)(A;;CCDCLCSWRPWPDTLOCRSDRCWDWO;;;BA)(A;;CCLCSWLOCRRC;;;IU)(A;;CCLCSWLOCRRC;;;SU)S:(AU;FA;CCDCLCSWRPWPDTLOCRSDRCWDWO;;;WD)
edgeupdate|Microsoft Edge Update Service (edgeupdate)|&#34;C:\Program Files (x86)\Microsoft\EdgeUpdate\MicrosoftEdgeUpdate.exe&#34; /svc|Auto (Delayed, Triggered)|LocalSystem|O:SYG:SYD:(A;;CCLCSWRPWPDTLOCRRC;;;SY)(A;;CCDCLCSWRPWPDTLOCRSDRCWDWO;;;BA)(A;;CCLCSWLOCRRC;;;IU)(A;;CCLCSWLOCRRC;;;SU)S:(AU;FA;CCDCLCSWRPWPDTLOCRSDRCWDWO;;;WD)
edgeupdatem|Microsoft Edge Update Service (edgeupdatem)|&#34;C:\Program Files (x86)\Microsoft\EdgeUpdate\MicrosoftEdgeUpdate.exe&#34; /medsvc|Manual (Triggered)|LocalSystem|O:SYG:SYD:(A;;CCLCSWRPWPDTLOCRRC;;;SY)(A;;CCDCLCSWRPWPDTLOCRSDRCWDWO;;;BA)(A;;CCLCSWLOCRRC;;;IU)(A;;CCLCSWLOCRRC;;;SU)S:(AU;FA;CCDCLCSWRPWPDTLOCRSDRCWDWO;;;WD)
EFS|Encrypting File System (EFS)|C:\Windows\System32\lsass.exe|Manual (Triggered)|LocalSystem|O:SYG:SYD:(A;;CCDCLCSWRPWPDTLOCRSDRCWDWO;;;SY)(A;;CCDCLCSWRPWPLOCRRC;;;BA)(A;;CCLCSWRPLOCRRC;;;IU)(A;;CCLCSWRPLOCRRC;;;SU)(A;;LCRP;;;AU)(A;;LCRP;;;AC)S:(AU;SAFA;DCSDWDWO;;;WD)
embeddedmode|Embedded Mode|C:\Windows\System32\svchost.exe -k LocalSystemNetworkRestricted -p|Manual (Triggered)|LocalSystem|O:S-1-5-80-956008885-3418522649-1831038044-1853292631-2271478464G:S-1-5-80-956008885-3418522649-1831038044-1853292631-2271478464D:(A;;LCRP;;;AC)(A;;CCDCLCSWRPWPDTLOCRSDRCWDWO;;;S-1-5-80-956008885-3418522649-1831038044-1853292631-2271478464)(A;;CCDCLCSWRPWPDTLOCRSDRCWDWO;;;SY)(A;;CCLCSWRPWPDTLOCRRC;;;BA)(A;;CCLCSWRPLOCRRC;;;IU)(A;;CCLCSWRPLOCRRC;;;SU)S:(AU;FA;CCDCLCSWRPWPDTLOCRSDRCWDWO;;;WD)
EntAppSvc|Enterprise App Management Service|C:\Windows\system32\svchost.exe -k appmodel -p|Manual|LocalSystem|O:S-1-5-80-956008885-3418522649-1831038044-1853292631-2271478464G:S-1-5-80-956008885-3418522649-1831038044-1853292631-2271478464D:(A;;LCRP;;;AC)(A;;CCDCLCSWRPWPDTLOCRSDRCWDWO;;;S-1-5-80-956008885-3418522649-1831038044-1853292631-2271478464)(A;;CCLCSWRPWPDTLOCRRC;;;SY)(A;;CCLCSWRPWPDTLOCRRC;;;BA)(A;;CCLCSWRPLOCRRC;;;IU)(A;;CCLCSWRPLOCRRC;;;SU)S:(AU;FA;CCDCLCSWRPWPDTLOCRSDRCWDWO;;;WD)
EventLog|Windows Event Log|C:\Windows\System32\svchost.exe -k LocalServiceNetworkRestricted -p|Auto|NT AUTHORITY\LocalService|O:SYG:SYD:(A;;CCLCSWLOCRRC;;;AU)(A;;CCDCLCSWRPWPDTLOCRSDRCWDWO;;;BA)(A;;CCLCSWRPWPDTLOCRRC;;;SY)(A;;LCLO;;;AC)S:(AU;SA;DCRPWPDTCRSDWDWO;;;WD)(AU;FA;CCDCLCSWRPWPDTLOCRSDRCWDWO;;;WD)
EventSystem|COM+ Event System|C:\Windows\system32\svchost.exe -k LocalService -p|Auto|NT AUTHORITY\LocalService|O:SYG:SYD:(A;;CCLCSWRPWPDTLOCRRC;;;SY)(A;;CCDCLCSWRPWPDTLOCRSDRCWDWO;;;BA)(A;;CCLCSWLOCRRC;;;IU)(A;;CCLCSWLOCRRC;;;SU)S:(AU;FA;CCDCLCSWRPWPDTLOCRSDRCWDWO;;;WD)
fdPHost|Function Discovery Provider Host|C:\Windows\system32\svchost.exe -k LocalService -p|Manual|NT AUTHORITY\LocalService|O:SYG:SYD:(A;;CCLCSWRPWPDTLOCRRC;;;SY)(A;;CCDCLCSWRPWPDTLOCRSDRCWDWO;;;BA)(A;;CCLCSWLOCRRC;;;IU)(A;;CCLCSWLOCRRC;;;SU)S:(AU;FA;CCDCLCSWRPWPDTLOCRSDRCWDWO;;;WD)
FDResPub|Function Discovery Resource Publication|C:\Windows\system32\svchost.exe -k LocalServiceAndNoImpersonation -p|Manual (Triggered)|NT AUTHORITY\LocalService|O:SYG:SYD:(A;;CCLCSWRPWPDTLOCRRC;;;SY)(A;;CCDCLCSWRPWPDTLOCRSDRCWDWO;;;BA)(A;;CCLCSWLOCRRC;;;IU)(A;;CCLCSWLOCRRC;;;SU)(A;;CCLCSWRPWPDTLOCRRC;;;NO)S:AI(AU;FA;CCDCLCSWRPWPDTLOCRSDRCWDWO;;;WD)
fhsvc|File History Service|C:\Windows\system32\svchost.exe -k LocalSystemNetworkRestricted -p|Manual (Triggered)|LocalSystem|O:SYG:SYD:(A;;CCLCSWRPWPDTLOCRRC;;;SY)(A;;CCDCLCSWRPWPDTLOCRSDRCWDWO;;;BA)(A;;CCLCSWRPLOCRRC;;;AU)
FontCache|Windows Font Cache Service|C:\Windows\system32\svchost.exe -k LocalService -p|Auto|NT AUTHORITY\LocalService|O:SYG:SYD:(A;;CCLCSWRPWPDTLOCRRC;;;SY)(A;;CCDCLCSWRPWPDTLOCRSDRCWDWO;;;BA)(A;;CCLCSWLOCRRC;;;IU)(A;;CCLCSWLOCRRC;;;SU)(A;;RP;;;IU)(A;;RP;;;SU)(A;;CCLCSWRPLOCRRC;;;AC)S:(AU;FA;CCDCLCSWRPWPDTLOCRSDRCWDWO;;;WD)
FrameServer|Windows Camera Frame Server|C:\Windows\System32\svchost.exe -k Camera|Manual (Triggered)|NT AUTHORITY\LocalService|O:SYG:SYD:(A;;CCLCSWRPWPDTLOCRRC;;;SY)(A;;CCDCLCSWRPWPDTLOCRSDRCWDWO;;;BA)(A;;CCLCSWLOCRRC;;;IU)(A;;CCLCSWLOCRRC;;;SU)S:(AU;FA;CCDCLCSWRPWPDTLOCRSDRCWDWO;;;WD)
FrameServerMonitor|Windows Camera Frame Server Monitor|C:\Windows\System32\svchost.exe -k CameraMonitor|Manual (Triggered)|LocalSystem|O:SYG:SYD:(A;;CCLCSWRPWPDTLOCRRC;;;SY)(A;;CCDCLCSWRPWPDTLOCRSDRCWDWO;;;BA)(A;;CCLCSWLOCRRC;;;IU)(A;;CCLCSWLOCRRC;;;SU)S:(AU;FA;CCDCLCSWRPWPDTLOCRSDRCWDWO;;;WD)
GameInputSvc|GameInput Service|C:\Windows\System32\GameInputSvc.exe|Manual (Triggered)|LocalSystem|O:SYG:SYD:(A;;CCLCSWRPWPDTLOCRRC;;;SY)(A;;CCDCLCSWRPWPDTLOCRSDRCWDWO;;;BA)(A;;CCLCSWLOCRRC;;;IU)(A;;CCLCSWLOCRRC;;;SU)S:(AU;FA;CCDCLCSWRPWPDTLOCRSDRCWDWO;;;WD)
gpsvc|Group Policy Client|C:\Windows\system32\svchost.exe -k netsvcs -p|Auto (Triggered)|LocalSystem|O:SYG:SYD:(A;;CCDCLCSWRPWPDTLOCRSDRCWDWO;;;SY)(A;;CCLCSWLOCRRC;;;BA)(A;;CCLCSWLOCRRC;;;IU)(A;;CCLCSWLOCRRC;;;SU)S:(AU;SAFA;DCSDWDWO;;;WD)
GraphicsPerfSvc|GraphicsPerfSvc|C:\Windows\System32\svchost.exe -k GraphicsPerfSvcGroup|Manual (Triggered)|LocalSystem|O:SYG:SYD:(A;;CCLCSWRPWPDTLOCRRC;;;SY)(A;;CCDCLCSWRPWPDTLOCRSDRCWDWO;;;BA)(A;;CCLCSWLOCRRC;;;IU)(A;;CCLCSWLOCRRC;;;SU)S:(AU;FA;CCDCLCSWRPWPDTLOCRSDRCWDWO;;;WD)
hidserv|Human Interface Device Service|C:\Windows\system32\svchost.exe -k LocalSystemNetworkRestricted -p|Manual (Triggered)|LocalSystem|O:SYG:SYD:(A;;CCLCSWRPWPDTLOCRRC;;;SY)(A;;CCDCLCSWRPWPDTLOCRSDRCWDWO;;;BA)(A;;CCLCSWLOCRRC;;;IU)(A;;CCLCSWLOCRRC;;;SU)S:(AU;FA;CCDCLCSWRPWPDTLOCRSDRCWDWO;;;WD)
HvHost|HV Host Service|C:\Windows\system32\svchost.exe -k LocalSystemNetworkRestricted -p|Manual (Triggered)|LocalSystem|O:SYG:SYD:(A;;CCLCSWRPWPDTLOCRRC;;;SY)(A;;CCDCLCSWRPWPDTLOCRSDRCWDWO;;;BA)(A;;CCLCSWLOCRRC;;;IU)(A;;CCLCSWLOCRRC;;;SU)S:(AU;FA;CCDCLCSWRPWPDTLOCRSDRCWDWO;;;WD)
icssvc|Windows Mobile Hotspot Service|C:\Windows\system32\svchost.exe -k LocalServiceNetworkRestricted -p|Manual (Triggered)|NT Authority\LocalService|O:SYG:SYD:(A;;CCLCSWRPWPDTLOCRRC;;;SY)(A;;CCDCLCSWRPWPDTLOCRSDRCWDWO;;;BA)(A;;CCLCSWLOCRRC;;;IU)(A;;CCLCSWLOCRRC;;;SU)(A;;LCRP;;;WD)(A;;CCLCSWRPLOCRRC;;;S-1-15-2-155514346-2573954481-755741238-1654018636-1233331829-3075935687-2861478708)(A;;CCLCSWRPLOCRRC;;;S-1-15-2-1121366727-2517420131-1100342901-1044639592-4216533239-371662368-2140263060)(A;;CCLCSWRPLOCRRC;;;S-1-15-2-2543942650-389403887-2808249486-612059083-208952635-835677591-2189227231)(A;;CCLCSWRPLOCRRC;;;S-1-15-2-3801529221-2855318152-1555692692-2306892612-2338533892-3542301781-2904385964)
IKEEXT|IKE and AuthIP IPsec Keying Modules|C:\Windows\system32\svchost.exe -k netsvcs -p|Manual (Triggered)|LocalSystem|O:SYG:SYD:(A;;CCLCSWRPWPDTLOCRRC;;;SY)(A;;CCDCLCSWRPWPDTLOCRSDRCWDWO;;;BA)(A;;CCLCSWLOCRRC;;;IU)(A;;CCLCSWLOCRRC;;;SU)S:(AU;FA;CCDCLCSWRPWPDTLOCRSDRCWDWO;;;WD)
InstallService|Microsoft Store Install Service|C:\Windows\System32\svchost.exe -k netsvcs -p|Manual|LocalSystem|O:SYG:SYD:(A;;CCLCSWRPWPDTLOCRRC;;;SY)(A;;CCDCLCSWRPWPDTLOCRSDRCWDWO;;;BA)(A;;CCLCSWLOCRRC;;;IU)(A;;CCLCSWLOCRRC;;;SU)S:(AU;FA;CCDCLCSWRPWPDTLOCRSDRCWDWO;;;WD)
InventorySvc|Inventory and Compatibility Appraisal service|C:\Windows\system32\svchost.exe -k InvSvcGroup -p|Manual|LocalSystem|O:SYG:SYD:(A;;CCLCSWRPWPDTLOCRRC;;;SY)(A;;CCDCLCSWRPWPDTLOCRSDRCWDWO;;;BA)(A;;CCLCSWLOCRRC;;;IU)(A;;CCLCSWLOCRRC;;;SU)(A;;LCRP;;;BU)S:(AU;FA;CCDCLCSWRPWPDTLOCRSDRCWDWO;;;WD)
iphlpsvc|IP Helper|C:\Windows\System32\svchost.exe -k NetSvcs -p|Auto|LocalSystem|O:SYG:SYD:(A;;CCLCSWRPWPDTLOCRRC;;;SY)(A;;CCDCLCSWRPWPDTLOCRSDRCWDWO;;;BA)(A;;CCLCSWLOCRRC;;;IU)(A;;CCLCSWLOCRRC;;;SU)S:(AU;FA;CCDCLCSWRPWPDTLOCRSDRCWDWO;;;WD)
IpxlatCfgSvc|IP Translation Configuration Service|C:\Windows\System32\svchost.exe -k LocalSystemNetworkRestricted -p|Manual (Triggered)|LocalSystem|O:SYG:SYD:(A;;CCLCSWRPWPDTLOCRRC;;;SY)(A;;CCDCLCSWRPWPDTLOCRSDRCWDWO;;;BA)(A;;CCLCSWLOCRRC;;;IU)(A;;CCLCSWRPWPLOCRRC;;;SU)S:(AU;FA;CCDCLCSWRPWPDTLOCRSDRCWDWO;;;WD)
KeyIso|CNG Key Isolation|C:\Windows\system32\lsass.exe|Manual (Triggered)|LocalSystem|O:SYG:SYD:(A;;CCLCSWRPWPDTLOCRRC;;;SY)(A;;CCDCLCSWRPWPDTLOCRSDRCWDWO;;;BA)(A;;CCLCSWRPLOCRRC;;;IU)(A;;CCLCSWRPLOCRRC;;;SU)(A;;CCLCSWLOCRRC;;;SU)(A;;CR;;;AU)S:(AU;FA;CCDCLCSWRPWPDTLOCRSDRCWDWO;;;WD)
KtmRm|KtmRm for Distributed Transaction Coordinator|C:\Windows\System32\svchost.exe -k NetworkServiceAndNoImpersonation -p|Manual (Triggered)|NT AUTHORITY\NetworkService|O:SYG:SYD:(A;;CCLCSWRPLOCRRC;;;S-1-2-0)(A;;CCLCSWRPWPDTLOCRRC;;;SY)(A;;CCDCLCSWRPWPDTLOCRSDRCWDWO;;;BA)(A;;CCLCSWRPLOCRRC;;;IU)(A;;CCLCSWLORC;;;AU)(A;;CCLCSWRPLOCRRC;;;SU)(A;;CCLCSWLORC;;;S-1-5-80-2818357584-3387065753-4000393942-342927828-138088443)S:(AU;FA;CCDCLCSWRPWPDTLOCRSDRCWDWO;;;WD)
LanmanServer|Server|C:\Windows\system32\svchost.exe -k netsvcs -p|Auto (Triggered)|LocalSystem|O:SYG:SYD:(A;;CCLCSWRPWPDTLOCRRC;;;SY)(A;;CCDCLCSWRPWPDTLOCRSDRCWDWO;;;BA)(A;;CCLCSWLOCRRC;;;IU)(A;;CCLCSWLOCRRC;;;SU)S:(AU;FA;CCDCLCSWRPWPDTLOCRSDRCWDWO;;;WD)
LanmanWorkstation|Workstation|C:\Windows\System32\svchost.exe -k NetworkService -p|Auto|NT AUTHORITY\NetworkService|O:SYG:SYD:(A;;CCLCSWRPWPDTLOCRRC;;;SY)(A;;CCDCLCSWRPWPDTLOCRSDRCWDWO;;;BA)(A;;CCLCSWLOCRRC;;;IU)(A;;CCLCSWLOCRRC;;;SU)S:(AU;FA;CCDCLCSWRPWPDTLOCRSDRCWDWO;;;WD)
lfsvc|Geolocation Service|C:\Windows\system32\svchost.exe -k netsvcs -p|Manual (Triggered)|LocalSystem|O:SYG:SYD:
LicenseManager|Windows License Manager Service|C:\Windows\System32\svchost.exe -k LocalService -p|Manual (Triggered)|NT Authority\LocalService|O:SYG:SYD:(A;;CCLCSWRPWPDTLOCRRC;;;SY)(A;;CCDCLCSWRPWPDTLOCRSDRCWDWO;;;BA)(A;;CCLCSWLOCRRC;;;IU)(A;;CCLCSWLOCRRC;;;SU)S:(AU;FA;CCDCLCSWRPWPDTLOCRSDRCWDWO;;;WD)
lltdsvc|Link-Layer Topology Discovery Mapper|C:\Windows\System32\svchost.exe -k LocalService -p|Manual|NT AUTHORITY\LocalService|O:SYG:SYD:(A;;CCLCSWRPWPDTLOCRRC;;;SY)(A;;CCDCLCSWRPWPDTLOCRSDRCWDWO;;;BA)(A;;CCLCSWLOCRRC;;;IU)(A;;CCLCSWLOCRRC;;;SU)S:(AU;FA;CCDCLCSWRPWPDTLOCRSDRCWDWO;;;WD)
lmhosts|TCP/IP NetBIOS Helper|C:\Windows\System32\svchost.exe -k LocalServiceNetworkRestricted -p|Manual (Triggered)|NT AUTHORITY\LocalService|O:SYG:SYD:(A;;CCLCSWRPWPDTLOCRRC;;;SY)(A;;CCDCLCSWRPWPDTLOCRSDRCWDWO;;;BA)(A;;CCLCSWLOCRRC;;;IU)(A;;CCLCSWLOCRRC;;;SU)S:(AU;FA;CCDCLCSWRPWPDTLOCRSDRCWDWO;;;WD)
LSM|Local Session Manager|C:\Windows\system32\svchost.exe -k DcomLaunch -p|Auto|LocalSystem|O:SYG:SYD:(A;;CCLCSW;;;AU)(A;;CCDCLCSWRPWPDTLOSDRCWDWO;;;SY)(A;;CCLCSWLORC;;;BA)S:(AU;FA;CCDCLCSWRPWPDTLOSDRCWDWO;;;WD)
LxpSvc|Language Experience Service|C:\Windows\system32\svchost.exe -k netsvcs|Manual|LocalSystem|O:SYG:SYD:(A;;CCLCSWRPWPDTLOCRRC;;;SY)(A;;CCDCLCSWRPWPDTLOCRSDRCWDWO;;;BA)(A;;CCLCSWLOCRRC;;;IU)(A;;CCLCSWLOCRRC;;;SU)S:(AU;FA;CCDCLCSWRPWPDTLOCRSDRCWDWO;;;WD)
MapsBroker|Downloaded Maps Manager|C:\Windows\System32\svchost.exe -k NetworkService -p|Auto (Delayed)|NT AUTHORITY\NetworkService|O:SYG:SYD:(A;;CCLCSWLOCRRC;;;IU)(A;;CCLCSWLOCRRC;;;SU)(A;;CCDCLCSWRPWPDTLOCRSDRCWDWO;;;SY)(A;;CCDCLCSWRPWPDTLOCRSDRCWDWO;;;BA)(A;;LCRP;;;AU)(A;;LCRP;;;AC)
McpManagementService|McpManagementService|C:\Windows\system32\svchost.exe -k McpManagementServiceGroup|Manual|LocalSystem|O:SYG:SYD:(A;;CCLCSWRPWPDTLOCRRC;;;SY)(A;;CCDCLCSWRPWPDTLOCRSDRCWDWO;;;BA)(A;;CCLCSWLOCRRC;;;IU)(A;;CCLCSWLOCRRC;;;SU)S:(AU;FA;CCDCLCSWRPWPDTLOCRSDRCWDWO;;;WD)
MDCoreSvc|Microsoft Defender Core Service|&#34;C:\ProgramData\Microsoft\Windows Defender\Platform\4.18.24050.7-0\MpDefenderCoreService.exe&#34;|Auto|LocalSystem|O:SYG:SYD:(A;;CCLCSWRPWPLOCRRC;;;BU)(A;;CCLCSWRPWPLOCRRC;;;SY)(A;;CCLCSWRPWPLOCRRC;;;BA)(A;;CCLCSWRPWPLOCRRC;;;IU)(A;;CCLCSWRPWPLOCRRC;;;SU)(A;;CCDCLCSWRPWPDTLOCRSDRCWDWO;;;S-1-5-80-1913148863-3492339771-4165695881-2087618961-4109116736)(A;;CCDCLCSWRPWPDTLOCRSDRCWDWO;;;S-1-5-80-30551196-2029750602-3680353947-2336859763-523537544)S:(AU;FA;CCDCLCSWRPWPDTLOCRSDRCWDWO;;;WD)
MicrosoftEdgeElevationService|Microsoft Edge Elevation Service (MicrosoftEdgeElevationService)|&#34;C:\Program Files (x86)\Microsoft\Edge\Application\125.0.2535.92\elevation_service.exe&#34;|Manual|LocalSystem|O:SYG:SYD:(A;;CCLCSWRPWPDTLOCRRC;;;SY)(A;;CCDCLCSWRPWPDTLOCRSDRCWDWO;;;BA)(A;;CCLCSWLOCRRC;;;IU)(A;;CCLCSWLOCRRC;;;SU)S:(AU;FA;CCDCLCSWRPWPDTLOCRSDRCWDWO;;;WD)
MixedRealityOpenXRSvc|Windows Mixed Reality OpenXR Service|C:\Windows\system32\svchost.exe -k LocalSystemNetworkRestricted -p|Manual|LocalSystem|O:SYG:SYD:(A;;CCLCSWRPWPDTLOCRRC;;;SY)(A;;CCDCLCSWRPWPDTLOCRSDRCWDWO;;;BA)(A;;CCLCSWLOCRRC;;;IU)(A;;CCLCSWLOCRRC;;;SU)S:(AU;FA;CCDCLCSWRPWPDTLOCRSDRCWDWO;;;WD)
mpssvc|Windows Defender Firewall|C:\Windows\system32\svchost.exe -k LocalServiceNoNetworkFirewall -p|Auto|NT Authority\LocalService|O:SYG:SYD:(A;;CCLCLORC;;;AU)(A;;CCDCLCSWRPLORCWDWO;;;SY)(A;;CCLCSWRPLORCWDWO;;;BA)(A;;CCLCLO;;;BU)S:(AU;FA;CCDCLCSWRPWPDTLOSDRCWDWO;;;WD)
MSDTC|Distributed Transaction Coordinator|C:\Windows\System32\msdtc.exe|Manual|NT AUTHORITY\NetworkService|O:SYG:SYD:(A;;CCLCSWRPLORC;;;S-1-2-0)(A;;CCDCLCSWRPWPDTLORC;;;SY)(A;;CCDCLCSWRPWPDTLOSDRCWDWO;;;BA)(A;;CCLCSWRPLORC;;;IU)(A;;CCLCSWLORC;;;AU)(A;;CCLCSWRPLORC;;;SU)(A;;CCLCSWLORC;;;S-1-5-80-3960419045-2460139048-4046793004-1809597027-2250574426)S:(AU;FA;CCDCLCSWRPWPDTLOCRSDRCWDWO;;;WD)
MSiSCSI|Microsoft iSCSI Initiator Service|C:\Windows\system32\svchost.exe -k netsvcs -p|Manual|LocalSystem|O:SYG:SYD:(A;;CCLCSWRPWPDTLOCRRC;;;SY)(A;;CCDCLCSWRPWPDTLOCRSDRCWDWO;;;BA)(A;;CCLCSWLOCRRC;;;IU)(A;;CCLCSWLOCRRC;;;SU)S:(AU;FA;CCDCLCSWRPWPDTLOCRSDRCWDWO;;;WD)
msiserver|Windows Installer|C:\Windows\system32\msiexec.exe /V|Manual|LocalSystem|O:S-1-5-80-956008885-3418522649-1831038044-1853292631-2271478464G:S-1-5-80-956008885-3418522649-1831038044-1853292631-2271478464D:(A;;CCDCLCSWRPWPDTLOCRSDRCWDWO;;;S-1-5-80-956008885-3418522649-1831038044-1853292631-2271478464)(A;;CCLCSWRPWPDTLOCRRC;;;SY)(A;;CCLCSWRPWPDTLOCRRC;;;BA)(A;;CCLCSWRPLOCRRC;;;IU)(A;;CCLCSWRPLOCRRC;;;SU)S:(AU;FA;CCDCLCSWRPWPDTLOCRSDRCWDWO;;;WD)
MsKeyboardFilter|Microsoft Keyboard Filter|C:\Windows\system32\svchost.exe -k netsvcs -p|Disabled|LocalSystem|O:SYG:SYD:(A;;CCLCSWRPWPDTLOCRRC;;;SY)(A;;CCDCLCSWRPWPDTLOCRSDRCWDWO;;;BA)(A;;CCLCSWLOCRRC;;;IU)(A;;CCLCSWLOCRRC;;;SU)S:(AU;FA;CCDCLCSWRPWPDTLOCRSDRCWDWO;;;WD)
NaturalAuthentication|Natural Authentication|C:\Windows\system32\svchost.exe -k netsvcs -p|Manual (Triggered)|LocalSystem|O:SYG:SYD:(A;;CCLCSWRPWPDTLOCRRC;;;SY)(A;;CCDCLCSWRPWPDTLOCRSDRCWDWO;;;BA)(A;;CCLCSWRPLOCRRC;;;IU)(A;;CCLCSWRPLOCRRC;;;AC)(A;;CCLCSWLOCRRC;;;SU)(A;;CR;;;AU)S:(AU;FA;CCDCLCSWRPWPDTLOCRSDRCWDWO;;;WD)
NcaSvc|Network Connectivity Assistant|C:\Windows\System32\svchost.exe -k NetSvcs -p|Manual (Triggered)|LocalSystem|O:SYG:SYD:(A;;CCLCSWRPWPDTLOCRRC;;;SY)(A;;CCDCLCSWRPWPDTLOCRSDRCWDWO;;;BA)(A;;CCLCSWLOCRRC;;;IU)(A;;CCLCSWLOCRRC;;;SU)S:(AU;FA;CCDCLCSWRPWPDTLOCRSDRCWDWO;;;WD)
NcbService|Network Connection Broker|C:\Windows\System32\svchost.exe -k LocalSystemNetworkRestricted -p|Manual (Triggered)|LocalSystem|O:SYG:SYD:(A;;CCLCSWRPWPDTLOCRRC;;;SY)(A;;CCDCLCSWRPWPDTLOCRSDRCWDWO;;;BA)(A;;CCLCSWLOCRRC;;;IU)(A;;CCLCSWLOCRRC;;;SU)S:(AU;FA;CCDCLCSWRPWPDTLOCRSDRCWDWO;;;WD)
NcdAutoSetup|Network Connected Devices Auto-Setup|C:\Windows\System32\svchost.exe -k LocalServiceNoNetwork -p|Manual (Triggered)|NT AUTHORITY\LocalService|O:SYG:SYD:(A;;CCLCSWRPWPDTLOCRRC;;;SY)(A;;CCDCLCSWRPWPDTLOCRSDRCWDWO;;;BA)(A;;CCLCSWLOCRRC;;;IU)(A;;CCLCSWLOCRRC;;;SU)S:(AU;FA;CCDCLCSWRPWPDTLOCRSDRCWDWO;;;WD)
Netlogon|Netlogon|C:\Windows\system32\lsass.exe|Manual|LocalSystem|O:SYG:SYD:(A;;CCLCSWRPWPDTLOCRRC;;;SY)(A;;CCDCLCSWRPWPDTLOCRSDRCWDWO;;;BA)(A;;CCLCSWLOCRRC;;;IU)(A;;CCLCSWLOCRRC;;;SU)S:(AU;FA;CCDCLCSWRPWPDTLOCRSDRCWDWO;;;WD)
Netman|Network Connections|C:\Windows\System32\svchost.exe -k LocalSystemNetworkRestricted -p|Manual|LocalSystem|O:SYG:SYD:(A;;CCLCSWRPWPDTLOCRRC;;;SY)(A;;CCDCLCSWRPWPDTLOCRSDRCWDWO;;;BA)(A;;CCLCSWLOCRRC;;;IU)(A;;CCLCSWLOCRRC;;;SU)S:(AU;FA;CCDCLCSWRPWPDTLOCRSDRCWDWO;;;WD)
netprofm|Network List Service|C:\Windows\System32\svchost.exe -k netprofm -p|Manual|NT AUTHORITY\NetworkService|O:SYG:SYD:(A;;CCLCSWRPWPDTLOCRRC;;;SY)(A;;CCDCLCSWRPWPDTLOCRSDRCWDWO;;;BA)(A;;CCLCSWLOCRRC;;;IU)(A;;CCLCSWLOCRRC;;;SU)S:(AU;FA;CCDCLCSWRPWPDTLOCRSDRCWDWO;;;WD)
NetSetupSvc|Network Setup Service|C:\Windows\System32\svchost.exe -k netsvcs -p|Manual (Triggered)|LocalSystem|O:SYG:SYD:(A;;CCLCSWRP;;;NS)(A;;CCLCSWRP;;;LS)(A;;CCLCSWRP;;;AC)(A;;CCLCSWRP;;;BU)(A;;CCDCLCSWRPWPDTLOCRSDRCWDWO;;;BA)(A;;CCDCLCSWRPWPDTLOCRSDRCWDWO;;;SY)(A;;CCLCSWRP;;;NO)(A;;CCDCLCSWRPWPDTLOCRSDRCWDWO;;;S-1-5-80-956008885-3418522649-1831038044-1853292631-2271478464)
NetTcpPortSharing|Net.Tcp Port Sharing Service|C:\Windows\Microsoft.NET\Framework64\v4.0.30319\SMSvcHost.exe|Disabled|NT AUTHORITY\LocalService|O:SYG:SYD:(A;;CCLCSWRPWPDTLOCRRC;;;SY)(A;;CCDCLCSWRPWPDTLOCRSDRCWDWO;;;BA)(A;;CCLCSWLOCRRC;;;AU)(A;;LCRP;;;IU)(A;;LCRP;;;SU)
NgcCtnrSvc|Microsoft Passport Container|C:\Windows\system32\svchost.exe -k LocalServiceNetworkRestricted -p|Manual (Triggered)|NT AUTHORITY\LocalService|O:SYG:SYD:(A;;CCDCLCSWRPWPDTLORCWDWO;;;SY)(A;;CCLCSWRPWPDTLORCWDWO;;;BA)(A;;CCLCLORC;;;AU)S:(AU;FA;CCDCLCSWRPWPDTLOCRSDRCWDWO;;;WD)
NgcSvc|Microsoft Passport|C:\Windows\system32\svchost.exe -k LocalSystemNetworkRestricted -p|Manual (Triggered)|LocalSystem|O:SYG:SYD:(A;;CCLCLORC;;;AU)(A;;CCDCLCSWRPWPDTLORCWDWO;;;SY)(A;;CCLCSWRPLORCWDWO;;;BA)(A;;CCLCLO;;;BU)S:(AU;FA;CCDCLCSWRPWPDTLOSDRCWDWO;;;WD)
NlaSvc|Network Location Awareness|C:\Windows\System32\svchost.exe -k netprofm -p|Manual|NT AUTHORITY\NetworkService|O:SYG:SYD:(A;;CCLCSWRPWPDTLOCRRC;;;SY)(A;;CCDCLCSWRPWPDTLOCRSDRCWDWO;;;BA)(A;;CCLCSWLOCRRC;;;IU)(A;;CCLCSWLOCRRC;;;SU)S:(AU;FA;CCDCLCSWRPWPDTLOCRSDRCWDWO;;;WD)
nsi|Network Store Interface Service|C:\Windows\system32\svchost.exe -k LocalService -p|Auto|NT Authority\LocalService|O:SYG:SYD:(A;;CCLCSWRPWPDTLOCRRC;;;SY)(A;;CCDCLCSWRPWPDTLOCRSDRCWDWO;;;BA)(A;;CCLCSWLOCRRC;;;IU)(A;;CCLCSWLOCRRC;;;SU)S:(AU;FA;CCDCLCSWRPWPDTLOCRSDRCWDWO;;;WD)
p2pimsvc|Peer Networking Identity Manager|C:\Windows\System32\svchost.exe -k LocalServicePeerNet|Manual|NT AUTHORITY\LocalService|O:SYG:SYD:(D;;CCDCLCSWRPWPDTLOCRSDRCWDWO;;;BG)(A;;CCDCLCSWRPWPDTLOCRSDRCWDWO;;;SY)(A;;CCDCLCSWRPWPDTLOCRSDRCWDWO;;;BA)(A;;CCLCSWRPWPDTLORC;;;SO)(A;;CCLCSWRPLORC;;;IU)(A;;CCLCSWRPLORC;;;RD)(A;;CCLCSWRPLORC;;;BU)
p2psvc|Peer Networking Grouping|C:\Windows\System32\svchost.exe -k LocalServicePeerNet|Manual|NT AUTHORITY\LocalService|O:SYG:SYD:(D;;CCDCLCSWRPWPDTLOCRSDRCWDWO;;;BG)(A;;CCDCLCSWRPWPDTLOCRSDRCWDWO;;;SY)(A;;CCDCLCSWRPWPDTLOCRSDRCWDWO;;;BA)(A;;CCLCSWRPWPDTLORC;;;SO)(A;;CCLCSWRPLORC;;;IU)(A;;CCLCSWRPLORC;;;RD)(A;;CCLCSWRPLORC;;;BU)
PcaSvc|Program Compatibility Assistant Service|C:\Windows\system32\svchost.exe -k LocalSystemNetworkRestricted -p|Auto (Delayed, Triggered)|LocalSystem|O:SYG:SYD:(A;;CCLCSWRPWPDTLOCRRC;;;SY)(A;;CCDCLCSWRPWPDTLOCRSDRCWDWO;;;BA)(A;;CCLCSWRPLOCRRC;;;IU)(A;;CCLCSWLOCRRC;;;SU)(A;;CR;;;AU)S:(AU;FA;CCDCLCSWRPWPDTLOCRSDRCWDWO;;;WD)
PeerDistSvc|BranchCache|C:\Windows\System32\svchost.exe -k PeerDist|Manual|NT AUTHORITY\NetworkService|O:SYG:SYD:(A;;CCDCLCSWRPWPDTLOCRSDRCWDWO;;;SY)(A;;CCDCLCSWRPWPDTLOCRSDRCWDWO;;;BA)(A;;CCLCSWRPWPDTLOCRRC;;;SO)(A;;CCLCSWRPLORC;;;IU)(A;;CCLCSWRPLORC;;;RD)(A;;CCLCSWRPLORC;;;SU)(A;;CCLCSWRPLORC;;;BU)(A;;LCRPLO;;;AC)S:(AU;FA;CCDCLCSWRPWPDTLOCRSDRCWDWO;;;WD)
perceptionsimulation|Windows Perception Simulation Service|C:\Windows\system32\PerceptionSimulation\PerceptionSimulationService.exe|Manual|LocalSystem|O:SYG:SYD:(A;;CCLCSWRPWPDTLOCRRC;;;SY)(A;;CCDCLCSWRPWPDTLOCRSDRCWDWO;;;BA)(A;;CCLCSWLOCRRC;;;IU)(A;;CCLCSWLOCRRC;;;SU)S:(AU;FA;CCDCLCSWRPWPDTLOCRSDRCWDWO;;;WD)
PerfHost|Performance Counter DLL Host|C:\Windows\SysWow64\perfhost.exe|Manual|NT AUTHORITY\LocalService|O:SYG:SYD:(A;;CCLCSWRPWPDTLOCRRC;;;SY)(A;;CCDCLCSWRPWPDTLOCRSDRCWDWO;;;BA)(A;;CCLCSWLOCRRC;;;IU)(A;;CCLCSWLOCRRC;;;SU)S:(AU;FA;CCDCLCSWRPWPDTLOCRSDRCWDWO;;;WD)
PhoneSvc|Phone Service|C:\Windows\system32\svchost.exe -k LocalService -p|Manual (Triggered)|NT Authority\LocalService|O:SYG:SYD:(A;;CCDCLCSWRPWPDTLOCRSDRCWDWO;;;SY)(A;;CCDCLCSWRPWPDTLOCRSDRCWDWO;;;BA)(A;;CCLCSWLOCRRC;;;IU)(A;;CCLCSWLOCRRC;;;SU)(A;;LCRP;;;WD)(A;;LCRP;;;AC)
pla|Performance Logs &amp; Alerts|C:\Windows\System32\svchost.exe -k LocalServiceNoNetwork -p|Manual|NT AUTHORITY\LocalService|O:SYG:SYD:(A;;CCDCLCSWRPWPDTLOCRSDRCWDWO;;;BA)(A;;CCLCSWRPWPDTLOCR;;;SO)(A;;CCLCSWRPWPDTLOCRRC;;;SY)(A;;CCLCRPLOCR;;;WD)S:(AU;FA;CCDCLCSWRPWPDTLOCRSDRCWDWO;;;WD)
PlugPlay|Plug and Play|C:\Windows\system32\svchost.exe -k DcomLaunch -p|Manual|LocalSystem|O:SYG:SYD:(A;;CCLCSWRPWPDTLOCRRC;;;SY)(A;;CCDCLCSWRPWPDTLOCRSDRCWDWO;;;BA)(A;;CCLCSWLOCRRC;;;IU)(A;;CCLCSWLOCRRC;;;SU)S:(AU;FA;CCDCLCSWRPWPDTLOCRSDRCWDWO;;;WD)
PNRPAutoReg|PNRP Machine Name Publication Service|C:\Windows\System32\svchost.exe -k LocalServicePeerNet|Manual|NT AUTHORITY\LocalService|O:SYG:SYD:(D;;CCDCLCSWRPWPDTLOCRSDRCWDWO;;;BG)(A;;CCDCLCSWRPWPDTLOCRSDRCWDWO;;;SY)(A;;CCDCLCSWRPWPDTLOCRSDRCWDWO;;;BA)(A;;CCLCSWRPWPDTLORC;;;SO)(A;;CCLCSWRPLORC;;;IU)(A;;CCLCSWRPLORC;;;RD)
PNRPsvc|Peer Name Resolution Protocol|C:\Windows\System32\svchost.exe -k LocalServicePeerNet|Manual|NT AUTHORITY\LocalService|O:SYG:SYD:(D;;CCDCLCSWRPWPDTLOCRSDRCWDWO;;;BG)(A;;CCDCLCSWRPWPDTLOCRSDRCWDWO;;;SY)(A;;CCDCLCSWRPWPDTLOCRSDRCWDWO;;;BA)(A;;CCLCSWRPWPDTLORC;;;SO)(A;;CCLCSWRPLORC;;;IU)(A;;CCLCSWRPLORC;;;RD)(A;;CCLCSWRPLORC;;;BU)
PolicyAgent|IPsec Policy Agent|C:\Windows\system32\svchost.exe -k NetworkServiceNetworkRestricted -p|Manual (Triggered)|NT Authority\NetworkService|O:SYG:SYD:(A;;CCLCSWRPWPDTLOCRRC;;;SY)(A;;CCDCLCSWRPWPDTLOCRSDRCWDWO;;;BA)(A;;CCLCSWLOCRRC;;;IU)(A;;CCLCSWLOCRRC;;;SU)S:(AU;FA;CCDCLCSWRPWPDTLOCRSDRCWDWO;;;WD)
Power|Power|C:\Windows\system32\svchost.exe -k DcomLaunch -p|Auto|LocalSystem|O:SYG:SYD:(A;;CCLCSWRPWPDTLOCRRC;;;SY)(A;;CCDCLCSWRPWPDTLOCRSDRCWDWO;;;BA)(A;;CCLCSWLOCRRC;;;IU)(A;;CCLCSWLOCRRC;;;SU)S:(AU;FA;CCDCLCSWRPWPDTLOCRSDRCWDWO;;;WD)
PrintNotify|Printer Extensions and Notifications|C:\Windows\system32\svchost.exe -k print|Manual|LocalSystem|O:SYG:SYD:(A;;CCLCSWRPWPDTLOCRRC;;;SY)(A;;CCDCLCSWRPWPDTLOCRSDRCWDWO;;;BA)(A;;CCLCSWLOCRRC;;;IU)(A;;CCLCSWLOCRRC;;;SU)S:(AU;FA;CCDCLCSWRPWPDTLOCRSDRCWDWO;;;WD)
ProfSvc|User Profile Service|C:\Windows\system32\svchost.exe -k UserProfileService -p|Auto|LocalSystem|O:SYG:SYD:(A;;CCLCSWRPWPDTLOCRRC;;;SY)(A;;CCDCLCSWRPWPDTLOCRSDRCWDWO;;;BA)(A;;CCLCSWLOCRRC;;;IU)(A;;CCLCSWLOCRRC;;;SU)S:(AU;FA;CCDCLCSWRPWPDTLOCRSDRCWDWO;;;WD)
PushToInstall|Windows PushToInstall Service|C:\Windows\System32\svchost.exe -k netsvcs -p|Manual (Triggered)|LocalSystem|O:SYG:SYD:(A;;CCLCSWRPWPDTLOCRRC;;;SY)(A;;CCDCLCSWRPWPDTLOCRSDRCWDWO;;;BA)(A;;CCLCSWLOCRRC;;;IU)(A;;CCLCSWLOCRRC;;;SU)S:(AU;FA;CCDCLCSWRPWPDTLOCRSDRCWDWO;;;WD)
QWAVE|Quality Windows Audio Video Experience|C:\Windows\system32\svchost.exe -k LocalServiceAndNoImpersonation -p|Manual|NT AUTHORITY\LocalService|O:SYG:SYD:(A;;CCLCSWRPLO;;;IU)(A;;CCLCSWRPLO;;;NS)(A;;CCLCSWRPLO;;;UD)(A;;CCDCLCSWRPWPDTLOCRSDRCWDWO;;;BA)
RasAuto|Remote Access Auto Connection Manager|C:\Windows\System32\svchost.exe -k netsvcs -p|Manual|localSystem|O:SYG:SYD:(A;;CCLCSWRPWPDTLOCRRC;;;SY)(A;;CCDCLCSWRPWPDTLOCRSDRCWDWO;;;BA)(A;;CCLCSWLOCRRC;;;AU)
RasMan|Remote Access Connection Manager|C:\Windows\System32\svchost.exe -k netsvcs|Manual|localSystem|O:SYG:SYD:(A;;CCLCSWRPLOCRRC;;;AU)(A;;CCDCLCSWRPWPDTLOCRSDRCWDWO;;;BA)(A;;CCLCSWRPLOCRRC;;;S-1-15-3-1024-1068037383-729401668-2768096886-125909118-1680096985-174794564-3112554050-3241210738)
RemoteAccess|Routing and Remote Access|C:\Windows\System32\svchost.exe -k netsvcs|Disabled|localSystem|O:SYG:SYD:(A;;CCLCSWRPWPDTLOCRRC;;;SY)(A;;CCDCLCSWRPWPDTLOCRSDRCWDWO;;;BA)(A;;CCLCSWLOCRRC;;;AU)
RemoteRegistry|Remote Registry|C:\Windows\system32\svchost.exe -k localService -p|Disabled|NT AUTHORITY\LocalService|O:SYG:SYD:(A;;CCLCSWRPWPDTLOCRRC;;;SY)(A;;CCDCLCSWRPWPDTLOCRSDRCWDWO;;;BA)(A;;CCLCSWLOCRRC;;;IU)(A;;CCLCSWLOCRRC;;;SU)S:(AU;FA;CCDCLCSWRPWPDTLOCRSDRCWDWO;;;WD)
RetailDemo|Retail Demo Service|C:\Windows\System32\svchost.exe -k rdxgroup|Manual|LocalSystem|O:SYG:SYD:(A;;CCLCSWRPWPDTLOCRRC;;;SY)(A;;CCDCLCSWRPWPDTLOCRSDRCWDWO;;;BA)(A;;CCLCSWLOCRRC;;;IU)(A;;CCLCSWLOCRRC;;;SU)S:(AU;FA;CCDCLCSWRPWPDTLOCRSDRCWDWO;;;WD)
RmSvc|Radio Management Service|C:\Windows\System32\svchost.exe -k LocalServiceNetworkRestricted|Manual|NT AUTHORITY\LocalService|O:SYG:SYD:(A;CI;CCLCSWRPWPDTLOCRRC;;;LS)(A;CI;CCDCLCSWRPWPDTLOCRRC;;;SY)(A;CI;CCDCLCSWRPWPDTLOCRRC;;;BA)(A;CI;CCLCSWRPWPDTLOCRRC;;;BU)
RpcEptMapper|RPC Endpoint Mapper|C:\Windows\system32\svchost.exe -k RPCSS -p|Auto|NT AUTHORITY\NetworkService|O:SYG:SYD:(A;;CCLCLORC;;;AU)(A;;CCDCLCSWRPWPDTLORCWDWO;;;SY)(A;;CCLCSWRPWPDTLORCWDWO;;;BA)(A;;CCLCRPLO;;;BU)S:(AU;FA;CCDCLCSWRPWPDTLOSDRCWDWO;;;WD)
RpcLocator|Remote Procedure Call (RPC) Locator|C:\Windows\system32\locator.exe|Manual|NT AUTHORITY\NetworkService|O:SYG:SYD:(A;;CCLCSWRPWPDTLOCRRC;;;SY)(A;;CCDCLCSWRPWPDTLOCRSDRCWDWO;;;BA)(A;;CCLCSWLOCRRC;;;IU)(A;;CCLCSWLOCRRC;;;SU)S:(AU;FA;CCDCLCSWRPWPDTLOCRSDRCWDWO;;;WD)
RpcSs|Remote Procedure Call (RPC)|C:\Windows\system32\svchost.exe -k rpcss -p|Auto|NT AUTHORITY\NetworkService|O:SYG:SYD:(A;;CCLCLORC;;;AU)(A;;CCDCLCSWRPWPDTLORCWDWO;;;SY)(A;;CCLCSWRPWPDTLORCWDWO;;;BA)(A;;CCLCLO;;;BU)S:(AU;FA;CCDCLCSWRPWPDTLOSDRCWDWO;;;WD)
SamSs|Security Accounts Manager|C:\Windows\system32\lsass.exe|Auto|LocalSystem|O:SYG:SYD:(A;;CCLCSWLORC;;;AU)(A;;CCDCLCSWRPWPDTLOCRSDRCWDWO;;;BA)(A;;CCLCSWLO;;;IU)(A;;CCLCSWLO;;;BU)S:(AU;FA;CCDCLCSWRPWPDTLOCRSDRCWDWO;;;WD)
SCardSvr|Smart Card|C:\Windows\system32\svchost.exe -k LocalServiceAndNoImpersonation|Manual (Triggered)|NT AUTHORITY\LocalService|O:BAG:BAD:(A;CI;CCDCLCSWRPWPDTLOCRSDRCWDWO;;;SY)(A;;CCDCLCSWRPWPDTLOCRRC;;;BA)(A;;CCLCSWLOCRRC;;;IU)(A;;CCLCSWLOCRRC;;;SU)S:(AU;SAFA;WDWO;;;BA)
ScDeviceEnum|Smart Card Device Enumeration Service|C:\Windows\system32\svchost.exe -k LocalSystemNetworkRestricted|Manual (Triggered)|LocalSystem|O:BAG:BAD:(A;CI;CCDCLCSWRPWPDTLOCRSDRCWDWO;;;SY)(A;;CCDCLCSWRPWPDTLOCRRC;;;BA)(A;;CCLCSWLOCRRC;;;IU)(A;;CCLCSWLOCRRC;;;SU)(A;;RPWP;;;S-1-5-80-3993802144-2555107232-3516638766-2735499450-3275915967)S:(AU;SAFA;WDWO;;;BA)
Schedule|Task Scheduler|C:\Windows\system32\svchost.exe -k netsvcs -p|Auto|LocalSystem|O:SYG:SYD:(A;;CCLCSWLORC;;;AU)(A;;CCLCSWRPDTLOCRRCWDWO;;;BA)(A;;CCDCLCSWRPWPDTLOCRSDRCWDWO;;;SY)(A;;CCLCSWLORC;;;BU)S:(AU;FA;CCDCLCSWRPWPDTLOCRSDRCWDWO;;;WD)
SCPolicySvc|Smart Card Removal Policy|C:\Windows\system32\svchost.exe -k netsvcs|Manual|LocalSystem|O:BAG:BAD:(A;CI;CCDCLCSWRPWPDTLOCRSDRCWDWO;;;SY)(A;;CCDCLCSWRPWPDTLOCRRC;;;BA)(A;;CCLCSWLOCRRC;;;IU)(A;;CCLCSWLOCRRC;;;SU)S:(AU;SAFA;WDWO;;;BA)
SDRSVC|Windows Backup|C:\Windows\system32\svchost.exe -k SDRSVC|Manual|localSystem|O:SYG:SYD:(A;;CCLCSWRPWPDTLOCRRC;;;SY)(A;;CCDCLCSWRPWPDTLOCRSDRCWDWO;;;BA)(A;;CCLCSWLOCRRC;;;IU)(A;;CCLCSWLOCRRC;;;SU)S:(AU;FA;CCDCLCSWRPWPDTLOCRSDRCWDWO;;;WD)
seclogon|Secondary Logon|C:\Windows\system32\svchost.exe -k netsvcs -p|Manual|LocalSystem|O:SYG:SYD:(A;;CCLCSWRPWPDTLOCRRC;;;SY)(A;;CCDCLCSWRPWPDTLOCRSDRCWDWO;;;BA)(A;;CCLCSWRPDTLOCRRC;;;IU)(A;;CCLCSWDTLOCRRC;;;SU)(A;;CCLCSWRPDTLOCRRC;;;AU)S:(AU;FA;CCDCLCSWRPWPDTLOCRSDRCWDWO;;;WD)
SecurityHealthService|Windows Security Service|C:\Windows\system32\SecurityHealthService.exe|Manual|LocalSystem|O:SYG:SYD:(A;;CCLCSWRPLORC;;;BU)(A;;CCLCSWRPLOCRRC;;;SY)(A;;CCLCSWRPLOCRRC;;;BA)(A;;CCLCSWRPLORC;;;IU)(A;;CCLCSWRPLORC;;;SU)(A;;CCLCSWRPWPDTLOCRRC;;;S-1-5-80-1601830629-990752416-3372939810-977361409-3075122917)(A;;CCDCLCSWRPWPDTLOCRSDRCWDWO;;;S-1-5-80-956008885-3418522649-1831038044-1853292631-2271478464)(A;;CCDCLCSWRPWPDTLOCRSDRCWDWO;;;S-1-5-80-259296475-4084429506-1152984619-38739575-565535606)S:(AU;FA;CCDCLCSWRPWPDTLOSDRCWDWO;;;WD)
SEMgrSvc|Payments and NFC/SE Manager|C:\Windows\system32\svchost.exe -k LocalService -p|Manual (Triggered)|NT AUTHORITY\LocalService|O:SYG:SYD:
SENS|System Event Notification Service|C:\Windows\system32\svchost.exe -k netsvcs -p|Auto|LocalSystem|O:SYG:SYD:(A;;CCLCSWLOCRRC;;;AU)(A;;CCDCLCSWRPWPDTLOCRSDRCWDWO;;;BA)(A;;CCLCSWRPWPDTLOCR;;;SO)(A;;CCLCSWRPWPDTLOCRRC;;;SY)(A;;LCLORC;;;AC)S:(AU;FA;CCDCLCSWRPWPDTLOCRSDRCWDWO;;;WD)
Sense|Windows Defender Advanced Threat Protection Service|&#34;C:\Program Files\Windows Defender Advanced Threat Protection\MsSense.exe&#34;|Manual|LocalSystem|O:SYG:SYD:(A;;CCDCLCSWRPWPDTLOCRSDRCWDWO;;;S-1-5-80-956008885-3418522649-1831038044-1853292631-2271478464)(A;OICIIO;GA;;;S-1-5-80-956008885-3418522649-1831038044-1853292631-2271478464)(A;;CCLCSWRPWPDTLOCRRC;;;SY)(A;;CCDCLCSWRPWPDTLOCRRCWDWO;;;BA)(A;;CCLCSWRPLOCRRC;;;IU)(A;;CCLCSWRPLOCRRC;;;SU)S:(AU;FA;CCDCLCSWRPWPDTLOCRSDRCWDWO;;;WD)
SensorDataService|Sensor Data Service|C:\Windows\System32\SensorDataService.exe|Manual (Triggered)|LocalSystem|O:SYG:SYD:(A;;CCLCSWRPWPDTLOCRRC;;;SY)(A;;CCDCLCSWRPWPDTLOCRSDRCWDWO;;;BA)(A;;CCLCSWLOCRRC;;;IU)(A;;CCLCSWLOCRRC;;;SU)S:(AU;FA;CCDCLCSWRPWPDTLOCRSDRCWDWO;;;WD)
SensorService|Sensor Service|C:\Windows\system32\svchost.exe -k LocalSystemNetworkRestricted -p|Manual (Triggered)|LocalSystem|O:SYG:SYD:(A;;LCRPCR;;;AC)(A;;LCRPCR;;;AU)(A;;CCLCSWRPWPDTLOCRRC;;;SY)(A;;CCDCLCSWRPWPDTLOCRSDRCWDWO;;;BA)(A;;CCLCSWLOCRRC;;;IU)(A;;CCLCSWLOCRRC;;;SU)S:(AU;FA;CCDCLCSWRPWPDTLOCRSDRCWDWO;;;WD)
SensrSvc|Sensor Monitoring Service|C:\Windows\system32\svchost.exe -k LocalServiceAndNoImpersonation -p|Manual (Triggered)|NT AUTHORITY\LocalService|O:SYG:SYD:(A;;LCRPCR;;;AC)(A;;LCRPCR;;;AU)(A;;CCLCSWRPWPDTLOCRRC;;;SY)(A;;CCDCLCSWRPWPDTLOCRSDRCWDWO;;;BA)(A;;CCLCSWLOCRRC;;;IU)(A;;CCLCSWLOCRRC;;;SU)S:(AU;FA;CCDCLCSWRPWPDTLOCRSDRCWDWO;;;WD)
SessionEnv|Remote Desktop Configuration|C:\Windows\System32\svchost.exe -k netsvcs -p|Manual|localSystem|O:SYG:SYD:(A;;CCLCSWRPWPDTLOCRRC;;;SY)(A;;CCDCLCSWRPWPDTLOCRSDRCWDWO;;;BA)(A;;CCLCSWLOCRRC;;;IU)(A;;CCLCSWLOCRRC;;;SU)(A;;RPWP;;;S-1-5-80-446051430-1559341753-4161941529-1950928533-810483104)(A;;RPWP;;;S-1-5-80-4130899010-3337817248-2959896732-3640118089-1866760602)
SgrmBroker|System Guard Runtime Monitor Broker|C:\Windows\system32\Sgrm\SgrmBroker.exe|Disabled|LocalSystem|O:SYG:SYD:(A;;CCLCSWRPWPDTLOCRRC;;;SY)(A;;CCDCLCSWRPWPDTLOCRSDRCWDWO;;;BA)(A;;CCLCSWLOCRRC;;;IU)(A;;CCLCSWLOCRRC;;;SU)S:(AU;FA;CCDCLCSWRPWPDTLOCRSDRCWDWO;;;WD)
SharedAccess|Internet Connection Sharing (ICS)|C:\Windows\System32\svchost.exe -k netsvcs -p|Manual (Triggered)|LocalSystem|O:SYG:SYD:(A;;CCLCSWRPWPDTLOCRRC;;;SY)(A;;CCDCLCSWRPWPDTLOCRSDRCWDWO;;;BA)(A;;CCLCSWLOCRRC;;;IU)(A;;CCLCSWRPWPLOCRRC;;;SU)(A;;CCLCSWRPWPDTLOCRRC;;;S-1-5-80-3935728946-315639613-922904133-3250794525-491832002)S:(AU;FA;CCDCLCSWRPWPDTLOCRSDRCWDWO;;;WD)
SharedRealitySvc|Spatial Data Service|C:\Windows\system32\svchost.exe -k LocalService -p|Manual|NT AUTHORITY\LocalService|O:SYG:SYD:(A;;CCLCSWRPWPDTLOCRRC;;;SY)(A;;CCDCLCSWRPWPDTLOCRSDRCWDWO;;;BA)(A;;CCLCSWLOCRRC;;;IU)(A;;CCLCSWLOCRRC;;;SU)(A;;CR;;;AU)S:(AU;FA;CCDCLCSWRPWPDTLOCRSDRCWDWO;;;WD)
ShellHWDetection|Shell Hardware Detection|C:\Windows\System32\svchost.exe -k netsvcs -p|Auto|LocalSystem|O:SYG:SYD:(A;;CCLCSWRPWPDTLOCRRC;;;SY)(A;;CCDCLCSWRPWPDTLOCRSDRCWDWO;;;BA)(A;;CCLCSWLOCRRC;;;IU)(A;;CCLCSWLOCRRC;;;SU)S:(AU;FA;CCDCLCSWRPWPDTLOCRSDRCWDWO;;;WD)
shpamsvc|Shared PC Account Manager|C:\Windows\System32\svchost.exe -k netsvcs -p|Disabled|LocalSystem|O:SYG:SYD:(A;;CCLCSWRPWPDTLOCRRC;;;SY)(A;;CCDCLCSWRPWPDTLOCRSDRCWDWO;;;BA)(A;;CCLCSWLOCRRC;;;IU)(A;;CCLCSWLOCRRC;;;SU)S:(AU;FA;CCDCLCSWRPWPDTLOCRSDRCWDWO;;;WD)
smphost|Microsoft Storage Spaces SMP|C:\Windows\System32\svchost.exe -k smphost|Manual|NT AUTHORITY\NetworkService|O:SYG:SYD:(A;;CCLCSWRPWPDTLOCRRC;;;SY)(A;;CCDCLCSWRPWPDTLOCRSDRCWDWO;;;BA)(A;;CCLCRP;;;AU)(A;;CCLCSWLOCRRC;;;IU)(A;;CCLCSWLOCRRC;;;SU)(A;;CCLCSWLOCRRC;;;S-1-5-32-582)S:(AU;FA;CCDCLCSWRPWPDTLOCRSDRCWDWO;;;WD)
SmsRouter|Microsoft Windows SMS Router Service.|C:\Windows\system32\svchost.exe -k LocalServiceNetworkRestricted -p|Manual (Triggered)|NT Authority\LocalService|O:SYG:SYD:(A;;CCLCLORC;;;AU)(A;;CCDCLCSWRPWPDTLORCWDWO;;;SY)(A;;CCDCLCSWRPWPDTLORCWDWO;;;BA)(A;;CCLCRPLO;;;BU)S:(AU;FA;CCDCLCSWRPWPDTLOSDRCWDWO;;;WD)
SNMPTrap|SNMP Trap|C:\Windows\System32\snmptrap.exe|Manual|NT AUTHORITY\LocalService|O:SYG:SYD:(A;;CCLCSWRPWPDTLOCRRC;;;SY)(A;;CCDCLCSWRPWPDTLOCRSDRCWDWO;;;BA)(A;;CCLCSWLOCRRC;;;IU)(A;;CCLCSWLOCRRC;;;SU)S:(AU;FA;CCDCLCSWRPWPDTLOCRSDRCWDWO;;;WD)
spectrum|Windows Perception Service|C:\Windows\system32\spectrum.exe|Manual (Triggered)|NT AUTHORITY\LocalService|O:SYG:SYD:(A;;CCLCSWRPWPDTLOCRRC;;;SY)(A;;CCDCLCSWRPWPDTLOCRSDRCWDWO;;;BA)(A;;CCLCSWLOCRRC;;;IU)(A;;CCLCSWLOCRRC;;;SU)(A;;LCRP;;;LS)S:(AU;FA;CCDCLCSWRPWPDTLOCRSDRCWDWO;;;WD)
Spooler|Print Spooler|C:\Windows\System32\spoolsv.exe|Auto|LocalSystem|O:SYG:SYD:(A;;CCLCSWLOCRRC;;;AU)(A;;CCDCLCSWRPWPDTLOCRSDRCWDWO;;;BA)(A;;CCLCSWRPWPDTLOCRRC;;;SY)S:(AU;FA;CCDCLCSWRPWPDTLOCRSDRCWDWO;;;WD)
sppsvc|Software Protection|C:\Windows\system32\sppsvc.exe|Auto (Delayed, Triggered)|NT AUTHORITY\NetworkService|O:SYG:SYD:(A;;CCDCLCSWRPWPDTLOCRRC;;;SY)(A;;CCLCSWRPWPDTLOCRSDRCWDWO;;;BA)(A;;CCLCSWRPLOCRRC;;;IU)(A;;LCRPLO;;;AC)(A;;CCLCSWRPLOCRRC;;;SU)(A;;LCRP;;;AU)S:(AU;FA;CCDCLCSWRPWPDTLOCRSDRCWDWO;;;WD)
SSDPSRV|SSDP Discovery|C:\Windows\system32\svchost.exe -k LocalServiceAndNoImpersonation -p|Manual|NT AUTHORITY\LocalService|O:SYG:SYD:(A;;CCDCLCSWRPWPDTLOCRSDRCWDWO;;;SY)(A;;CCDCLCSWRPWPDTLOCRSDRCWDWO;;;BA)(A;;CCLCSWRPWPLORC;;;SO)(A;;CCLCSWRPLORC;;;IU)(A;;CCLCSWRPWPDTLOCRRC;;;LS)(A;;CCLCSWRPWPDTLOCRRC;;;NS)
ssh-agent|OpenSSH Authentication Agent|C:\Windows\System32\OpenSSH\ssh-agent.exe|Disabled|LocalSystem|O:SYG:SYD:(A;;CCLCSWRPWPDTLOCRRC;;;SY)(A;;CCDCLCSWRPWPDTLOCRSDRCWDWO;;;BA)(A;;CCLCSWLOCRRC;;;IU)(A;;CCLCSWLOCRRC;;;SU)(A;;RP;;;AU)
SstpSvc|Secure Socket Tunneling Protocol Service|C:\Windows\system32\svchost.exe -k LocalService -p|Manual|NT Authority\LocalService|O:SYG:SYD:(A;;CCLCSWRPLOCRRC;;;AU)(A;;CCLCSWRPWPDTLOCRRC;;;NO)(A;;CCDCLCSWRPWPDTLOCRSDRCWDWO;;;BA)(A;;CCLCSWRPWPDTLOCRRC;;;SY)(A;;CCLCSWRPLOCRRC;;;S-1-15-3-1024-1068037383-729401668-2768096886-125909118-1680096985-174794564-3112554050-3241210738)S:(AU;FA;CCDCLCSWRPWPDTLOCRSDRCWDWO;;;WD)
StateRepository|State Repository Service|C:\Windows\system32\svchost.exe -k appmodel -p|Auto|LocalSystem|O:S-1-5-80-956008885-3418522649-1831038044-1853292631-2271478464G:S-1-5-80-956008885-3418522649-1831038044-1853292631-2271478464D:(A;;CCDCLCSWRPWPDTLOCRSDRCWDWO;;;S-1-5-80-956008885-3418522649-1831038044-1853292631-2271478464)(A;;CCLCSWRPWPDTLOCRRC;;;SY)(A;;CCLCSWRPWPDTLOCRRC;;;BA)(A;;CCLCSWRPLOCRRC;;;IU)(A;;CCLCSWRPLOCRRC;;;SU)(A;;LCRP;;;AC)S:(AU;FA;CCDCLCSWRPWPDTLOCRSDRCWDWO;;;WD)
StiSvc|Windows Image Acquisition (WIA)|C:\Windows\system32\svchost.exe -k imgsvc|Manual (Triggered)|NT Authority\LocalService|O:SYG:SYD:(A;;CCLCSWRPWPDTLOCRRC;;;SY)(A;;CCDCLCSWRPWPDTLOCRSDRCWDWO;;;BA)(A;;CCLCSWLOCRRC;;;IU)(A;;CCLCSWLOCRRC;;;SU)(A;;CR;;;AU)S:(AU;FA;CCDCLCSWRPWPDTLOCRSDRCWDWO;;;WD)
StorSvc|Storage Service|C:\Windows\System32\svchost.exe -k LocalSystemNetworkRestricted -p|Auto (Delayed, Triggered)|LocalSystem|O:SYG:SYD:(A;;CCLCSWRPWPDTLOCRRC;;;SY)(A;;CCDCLCSWRPWPDTLOCRSDRCWDWO;;;BA)(A;;CCLCSWLOCRRC;;;IU)(A;;CCLCSWLOCRRC;;;SU)S:(AU;FA;CCDCLCSWRPWPDTLOCRSDRCWDWO;;;WD)
svsvc|Spot Verifier|C:\Windows\system32\svchost.exe -k LocalSystemNetworkRestricted -p|Manual (Triggered)|LocalSystem|O:SYG:SYD:(A;;CCLCSWRPWPDTLOCRRC;;;SY)(A;;CCDCLCSWRPWPDTLOCRSDRCWDWO;;;BA)(A;;CCLCSWLOCRRC;;;IU)(A;;CCLCSWLOCRRC;;;SU)S:(AU;FA;CCDCLCSWRPWPDTLOCRSDRCWDWO;;;WD)
swprv|Microsoft Software Shadow Copy Provider|C:\Windows\System32\svchost.exe -k swprv|Manual|LocalSystem|O:SYG:SYD:(A;;CCLCSWRPWPDTLOCRRC;;;SY)(A;;CCDCLCSWRPWPDTLOCRSDRCWDWO;;;BA)(A;;CCLCSWLOCRRC;;;IU)(A;;CCLCSWLOCRRC;;;SU)S:(AU;FA;CCDCLCSWRPWPDTLOCRSDRCWDWO;;;WD)
SysMain|SysMain|C:\Windows\system32\svchost.exe -k LocalSystemNetworkRestricted -p|Auto|LocalSystem|O:SYG:SYD:(A;;CCLCSWRPWPDTLOCRRC;;;SY)(A;;CCDCLCSWRPWPDTLOCRSDRCWDWO;;;BA)(A;;CCLCSWLOCRRC;;;IU)(A;;CCLCSWLOCRRC;;;SU)S:(AU;FA;CCDCLCSWRPWPDTLOCRSDRCWDWO;;;WD)
SystemEventsBroker|System Events Broker|C:\Windows\system32\svchost.exe -k DcomLaunch -p|Auto (Triggered)|LocalSystem|O:SYG:SYD:(A;;CCLCLORC;;;AU)(A;;CCDCLCSWRPWPDTLORCWDWO;;;SY)(A;;CCLCSWRPWPDTLORCWDWO;;;BA)(A;;CCLCRPLO;;;BU)S:(AU;FA;CCDCLCSWRPWPDTLOSDRCWDWO;;;WD)
TapiSrv|Telephony|C:\Windows\System32\svchost.exe -k NetworkService -p|Manual|NT AUTHORITY\NetworkService|O:SYG:SYD:(A;;CCLCSWRPWPDTLOCRRC;;;SY)(A;;CCDCLCSWRPWPDTLOCRSDRCWDWO;;;BA)(A;;CCLCSWRPLOCRRC;;;IU)(A;;CCLCSWRPLOCRRC;;;SU)S:(AU;FA;CCDCLCSWRPWPDTLOCRSDRCWDWO;;;WD)
TermService|Remote Desktop Services|C:\Windows\System32\svchost.exe -k NetworkService|Manual|NT Authority\NetworkService|O:SYG:SYD:(A;;CCLCSWRPWPDTLOCRRC;;;SY)(A;;CCDCLCSWRPWPDTLOCRSDRCWDWO;;;BA)(A;;CCLCSWLOCRRC;;;IU)(A;;CCLCSWLOCRRC;;;SU)S:(AU;FA;CCDCLCSWRPWPDTLOCRSDRCWDWO;;;WD)
TextInputManagementService|Text Input Management Service|C:\Windows\System32\svchost.exe -k LocalSystemNetworkRestricted -p|Auto (Triggered)|LocalSystem|O:SYG:SYD:(A;;CCLCSWRPWPDTLOCRRC;;;SY)(A;;CCLCSWRPLOCRRC;;;BA)(A;;CCLCSWRPLOCRRC;;;IU)(A;;CCLCSWRPLOCRRC;;;SU)(A;;RP;;;WD)
Themes|Themes|C:\Windows\System32\svchost.exe -k netsvcs -p|Auto|LocalSystem|O:SYG:SYD:(A;;CCLCSWRPWPDTLOCRRC;;;SY)(A;;CCDCLCSWRPWPDTLOCRSDRCWDWO;;;BA)(A;;CCLCSWLOCRRC;;;IU)(A;;CCLCSWLOCRRC;;;SU)S:(AU;FA;CCDCLCSWRPWPDTLOCRSDRCWDWO;;;WD)
TieringEngineService|Storage Tiers Management|C:\Windows\system32\TieringEngineService.exe|Manual|localSystem|O:SYG:SYD:(A;;CCLCSWRPWPDTLOCRRC;;;SY)(A;;CCDCLCSWRPWPDTLOCRSDRCWDWO;;;BA)(A;;CCLCSWLOCRRC;;;IU)(A;;CCLCSWLOCRRC;;;SU)S:(AU;FA;CCDCLCSWRPWPDTLOCRSDRCWDWO;;;WD)
TimeBrokerSvc|Time Broker|C:\Windows\system32\svchost.exe -k LocalServiceNetworkRestricted -p|Manual (Triggered)|NT AUTHORITY\LocalService|O:SYG:SYD:(A;;CCLCLORC;;;AU)(A;;CCDCLCSWRPWPDTLORCWDWO;;;SY)(A;;CCLCSWRPWPDTLORCWDWO;;;BA)(A;;CCLCRPLO;;;BU)S:(AU;FA;CCDCLCSWRPWPDTLOSDRCWDWO;;;WD)
TokenBroker|Web Account Manager|C:\Windows\system32\svchost.exe -k netsvcs -p|Manual|LocalSystem|O:SYG:SYD:(A;;CCLCSWRPWPDTLOCRRC;;;SY)(A;;CCDCLCSWRPWPDTLOCRSDRCWDWO;;;BA)(A;;CCLCSWLOCRRC;;;IU)(A;;CCLCSWLOCRRC;;;SU)S:(AU;FA;CCDCLCSWRPWPDTLOCRSDRCWDWO;;;WD)
TrkWks|Distributed Link Tracking Client|C:\Windows\System32\svchost.exe -k LocalSystemNetworkRestricted -p|Auto|LocalSystem|O:SYG:SYD:(A;;CCLCSWRPWPDTLOCRRC;;;SY)(A;;CCDCLCSWRPWPDTLOCRSDRCWDWO;;;BA)(A;;CCLCSWLOCRRC;;;IU)(A;;CCLCSWLOCRRC;;;SU)S:(AU;FA;CCDCLCSWRPWPDTLOCRSDRCWDWO;;;WD)
TroubleshootingSvc|Recommended Troubleshooting Service|C:\Windows\system32\svchost.exe -k netsvcs -p|Manual|LocalSystem|O:SYG:SYD:(A;;CCLCSWRPWPDTLOCRRC;;;SY)(A;;CCDCLCSWRPWPDTLOCRSDRCWDWO;;;BA)(A;;CCLCSWLOCRRC;;;IU)(A;;CCLCSWLOCRRC;;;SU)S:(AU;FA;CCDCLCSWRPWPDTLOCRSDRCWDWO;;;WD)
TrustedInstaller|Windows Modules Installer|C:\Windows\servicing\TrustedInstaller.exe|Manual|localSystem|O:BAG:BAD:(A;CI;CCDCLCSWRPWPDTLOCRSDRCWDWO;;;SY)(A;;CCDCLCSWRPWPDTLOCRRC;;;BA)(A;;CCLCSWLOCRRC;;;IU)(A;;CCLCSWLOCRRC;;;SU)S:(AU;SAFA;WDWO;;;BA)
tzautoupdate|Auto Time Zone Updater|C:\Windows\system32\svchost.exe -k LocalService -p|Disabled|NT AUTHORITY\LocalService|O:SYG:SYD:(A;;CCLCSWRPWPDTLOCRRC;;;SY)(A;;CCDCLCSWRPWPDTLOCRSDRCWDWO;;;BA)(A;;CCLCSWLOCRRC;;;IU)(A;;CCLCSWLOCRRC;;;SU)S:(AU;FA;CCDCLCSWRPWPDTLOCRSDRCWDWO;;;WD)
UevAgentService|User Experience Virtualization Service|C:\Windows\system32\AgentService.exe|Disabled|LocalSystem|O:SYG:SYD:(A;;CCLCSWRPLORC;;;AU)(A;;CCDCLCSWRPWPDTLOCRSDRCWDWO;;;BA)(A;;CCDCLCSWRPWPDTLOCRSDRCWDWO;;;SY)S:(AU;FA;CCDCLCSWRPWPDTLOSDRCWDWO;;;WD)
uhssvc|Microsoft Update Health Service|&#34;C:\Program Files\Microsoft Update Health Tools\uhssvc.exe&#34;|Disabled|LocalSystem|O:SYG:SYD:(A;;CCLCSWRPWPDTLOCRRC;;;SY)(A;;CCDCLCSWRPWPDTLOCRSDRCWDWO;;;BA)(A;;CCLCSWLOCRRC;;;IU)(A;;CCLCSWLOCRRC;;;SU)S:(AU;FA;CCDCLCSWRPWPDTLOCRSDRCWDWO;;;WD)
UmRdpService|Remote Desktop Services UserMode Port Redirector|C:\Windows\System32\svchost.exe -k LocalSystemNetworkRestricted -p|Manual|localSystem|O:SYG:SYD:(A;;CCLCSWRPWPDTLOCRRC;;;SY)(A;;CCDCLCSWRPWPDTLOCRSDRCWDWO;;;BA)(A;;CCLCSWLOCRRC;;;IU)(A;;CCLCSWLOCRRC;;;SU)(A;;RPWP;;;S-1-5-80-446051430-1559341753-4161941529-1950928533-810483104)
upnphost|UPnP Device Host|C:\Windows\system32\svchost.exe -k LocalServiceAndNoImpersonation -p|Manual|NT AUTHORITY\LocalService|O:SYG:SYD:(A;;CCDCLCSWRPWPDTLOCRSDRCWDWO;;;SY)(A;;CCDCLCSWRPWPDTLOCRSDRCWDWO;;;BA)(A;;CCLCSWRPWPLORC;;;SO)(A;;CCLCSWRPLORC;;;IU)(A;;CCLCSWRPWPDTLOCRRC;;;LS)(A;;CCLCSWRPWPDTLOCRRC;;;NS)
UserManager|User Manager|C:\Windows\system32\svchost.exe -k netsvcs -p|Auto (Triggered)|LocalSystem|O:SYG:SYD:(A;;CCLCSWRPWPDTLOCRRC;;;SY)(A;;CCDCLCSWRPWPDTLOCRSDRCWDWO;;;BA)(A;;CCLCSWLOCRRC;;;IU)(A;;CCLCSWLOCRRC;;;SU)S:(AU;FA;CCDCLCSWRPWPDTLOCRSDRCWDWO;;;WD)
UsoSvc|Update Orchestrator Service|C:\Windows\system32\svchost.exe -k netsvcs -p|Auto (Delayed)|LocalSystem|O:SYG:SYD:(A;;CCLCSWRPLORC;;;AU)(A;;CCDCLCSWRPWPDTLOCRSDRCWDWO;;;BA)(A;;CCDCLCSWRPWPDTLOCRSDRCWDWO;;;SY)S:(AU;FA;CCDCLCSWRPWPDTLOSDRCWDWO;;;WD)
VacSvc|Volumetric Audio Compositor Service|C:\Windows\System32\svchost.exe -k LocalServiceNetworkRestricted -p|Manual|NT AUTHORITY\LocalService|O:SYG:SYD:(A;;CCLCSWRPWPDTLOCRRC;;;SY)(A;;CCDCLCSWRPWPDTLOCRSDRCWDWO;;;BA)(A;;CCLCSWLOCRRC;;;IU)(A;;CCLCSWLOCRRC;;;SU)S:(AU;FA;CCDCLCSWRPWPDTLOCRSDRCWDWO;;;WD)
VaultSvc|Credential Manager|C:\Windows\system32\lsass.exe|Manual|LocalSystem|O:SYG:SYD:(A;;CCLCSWRPWPDTLOCRRC;;;SY)(A;;CCDCLCSWRPWPDTLOCRSDRCWDWO;;;BA)(A;;CCLCSWRPLOCRRC;;;IU)(A;;CCLCSWRPLOCRRC;;;SU)(A;;CR;;;AU)(A;;LCRP;;;NS)(A;;LCRP;;;LS)(A;;LCRP;;;AC)S:(AU;FA;CCDCLCSWRPWPDTLOCRSDRCWDWO;;;WD)
vds|Virtual Disk|C:\Windows\System32\vds.exe|Manual|LocalSystem|O:SYG:SYD:(A;;CCLCSWRPWPDTLOCRRC;;;SY)(A;;CCDCLCSWRPWPDTLOCRSDRCWDWO;;;BA)(A;;CCLCSWLOCRRC;;;AU)(A;;RPWPDT;;;BO)S:(AU;FA;CCDCLCSWRPWPDTLOCRSDRCWDWO;;;WD)
vmicguestinterface|Hyper-V Guest Service Interface|C:\Windows\system32\svchost.exe -k LocalSystemNetworkRestricted -p|Manual (Triggered)|LocalSystem|O:SYG:SYD:(A;;CCLCSWRPWPDTLOCRRC;;;SY)(A;;CCDCLCSWRPWPDTLOCRSDRCWDWO;;;BA)(A;;CCLCSWLOCRRC;;;IU)(A;;CCLCSWLOCRRC;;;SU)S:(AU;FA;CCDCLCSWRPWPDTLOCRSDRCWDWO;;;WD)
vmicheartbeat|Hyper-V Heartbeat Service|C:\Windows\system32\svchost.exe -k ICService -p|Manual (Triggered)|LocalSystem|O:SYG:SYD:(A;;CCLCSWRPWPDTLOCRRC;;;SY)(A;;CCDCLCSWRPWPDTLOCRSDRCWDWO;;;BA)(A;;CCLCSWLOCRRC;;;IU)(A;;CCLCSWLOCRRC;;;SU)S:(AU;FA;CCDCLCSWRPWPDTLOCRSDRCWDWO;;;WD)
vmickvpexchange|Hyper-V Data Exchange Service|C:\Windows\system32\svchost.exe -k LocalSystemNetworkRestricted -p|Manual (Triggered)|LocalSystem|O:SYG:SYD:(A;;CCLCSWRPWPDTLOCRRC;;;SY)(A;;CCDCLCSWRPWPDTLOCRSDRCWDWO;;;BA)(A;;CCLCSWLOCRRC;;;IU)(A;;CCLCSWLOCRRC;;;SU)S:(AU;FA;CCDCLCSWRPWPDTLOCRSDRCWDWO;;;WD)
vmicrdv|Hyper-V Remote Desktop Virtualization Service|C:\Windows\system32\svchost.exe -k ICService -p|Manual (Triggered)|LocalSystem|O:SYG:SYD:(A;;CCLCSWRPWPDTLOCRRC;;;SY)(A;;CCDCLCSWRPWPDTLOCRSDRCWDWO;;;BA)(A;;CCLCSWLOCRRC;;;IU)(A;;CCLCSWLOCRRC;;;SU)S:(AU;FA;CCDCLCSWRPWPDTLOCRSDRCWDWO;;;WD)
vmicshutdown|Hyper-V Guest Shutdown Service|C:\Windows\system32\svchost.exe -k LocalSystemNetworkRestricted -p|Manual (Triggered)|LocalSystem|O:SYG:SYD:(A;;CCLCSWRPWPDTLOCRRC;;;SY)(A;;CCDCLCSWRPWPDTLOCRSDRCWDWO;;;BA)(A;;CCLCSWLOCRRC;;;IU)(A;;CCLCSWLOCRRC;;;SU)S:(AU;FA;CCDCLCSWRPWPDTLOCRSDRCWDWO;;;WD)
vmictimesync|Hyper-V Time Synchronization Service|C:\Windows\system32\svchost.exe -k LocalServiceNetworkRestricted -p|Manual (Triggered)|NT AUTHORITY\LocalService|O:SYG:SYD:(A;;CCLCSWRPWPDTLOCRRC;;;SY)(A;;CCDCLCSWRPWPDTLOCRSDRCWDWO;;;BA)(A;;CCLCSWLOCRRC;;;IU)(A;;CCLCSWLOCRRC;;;SU)S:(AU;FA;CCDCLCSWRPWPDTLOCRSDRCWDWO;;;WD)
vmicvmsession|Hyper-V PowerShell Direct Service|C:\Windows\system32\svchost.exe -k LocalSystemNetworkRestricted -p|Manual (Triggered)|LocalSystem|O:SYG:SYD:(A;;CCLCSWRPWPDTLOCRRC;;;SY)(A;;CCDCLCSWRPWPDTLOCRSDRCWDWO;;;BA)(A;;CCLCSWLOCRRC;;;IU)(A;;CCLCSWLOCRRC;;;SU)S:(AU;FA;CCDCLCSWRPWPDTLOCRSDRCWDWO;;;WD)
vmicvss|Hyper-V Volume Shadow Copy Requestor|C:\Windows\system32\svchost.exe -k LocalSystemNetworkRestricted -p|Manual (Triggered)|LocalSystem|O:SYG:SYD:(A;;CCLCSWRPWPDTLOCRRC;;;SY)(A;;CCDCLCSWRPWPDTLOCRSDRCWDWO;;;BA)(A;;CCLCSWLOCRRC;;;IU)(A;;CCLCSWLOCRRC;;;SU)S:(AU;FA;CCDCLCSWRPWPDTLOCRSDRCWDWO;;;WD)
VSS|Volume Shadow Copy|C:\Windows\system32\vssvc.exe|Manual|LocalSystem|O:SYG:SYD:(A;;CCLCSWRPWPDTLOCRRC;;;SY)(A;;CCDCLCSWRPWPDTLOCRSDRCWDWO;;;BA)(A;;CCLCSWLOCRRC;;;IU)(A;;CCLCSWLOCRRC;;;SU)S:(AU;FA;CCDCLCSWRPWPDTLOCRSDRCWDWO;;;WD)
W32Time|Windows Time|C:\Windows\system32\svchost.exe -k LocalService|Manual (Triggered)|NT AUTHORITY\LocalService|O:SYG:SYD:(A;;CCLCSWRPWPDTLOCRRC;;;SY)(A;;CCDCLCSWRPWPDTLOCRSDRCWDWO;;;BA)(A;;CCLCSWLOCRRC;;;IU)(A;;CCLCSWLOCRRC;;;SU)(A;;CCLCSWRPLOCRRC;;;LS)(A;;CCSWWPLORC;;;LS)(A;;CCDCLCSWRPWPDTLOCRSDRCWDWO;;;S-1-5-80-3169285310-278349998-1452333686-3865143136-4212226833)
WaaSMedicSvc|WaaSMedicSvc|C:\Windows\system32\svchost.exe -k wusvcs -p|Manual|LocalSystem|O:SYG:SYD:(A;;CCLCSWRPLORC;;;AU)(A;;CCDCLCSWRPWPDTLOCRSDRCWDWO;;;BA)(A;;CCDCLCSWRPWPDTLOCRSDRCWDWO;;;SY)S:(AU;FA;CCDCLCSWRPWPDTLOSDRCWDWO;;;WD)
WalletService|WalletService|C:\Windows\System32\svchost.exe -k appmodel -p|Manual|LocalSystem|O:SYG:SYD:(A;;CCLCSWRPWPDTLOCRRC;;;SY)(A;;CCDCLCSWRPWPDTLOCRSDRCWDWO;;;BA)(A;;CCLCSWLOCRRC;;;IU)(A;;CCLCSWLOCRRC;;;SU)S:(AU;FA;CCDCLCSWRPWPDTLOCRSDRCWDWO;;;WD)
WarpJITSvc|Warp JIT Service|C:\Windows\System32\svchost.exe -k LocalServiceNetworkRestricted|Manual (Triggered)|NT Authority\LocalService|O:SYG:SYD:(A;;CCLCSWRPWPDTLOCRRC;;;SY)(A;;CCDCLCSWRPWPDTLOCRSDRCWDWO;;;BA)(A;;CCLCSWLOCRRC;;;IU)(A;;CCLCSWLOCRRC;;;SU)S:(AU;FA;CCDCLCSWRPWPDTLOCRSDRCWDWO;;;WD)
wbengine|Block Level Backup Engine Service|&#34;C:\Windows\system32\wbengine.exe&#34;|Manual|localSystem|O:SYG:SYD:(A;;CCLCSWRPWPDTLOCRRC;;;SY)(A;;CCDCLCSWRPWPDTLOCRSDRCWDWO;;;BA)(A;;CCLCSWLOCRRC;;;IU)(A;;CCLCSWLOCRRC;;;SU)S:(AU;FA;CCDCLCSWRPWPDTLOCRSDRCWDWO;;;WD)
WbioSrvc|Windows Biometric Service|C:\Windows\system32\svchost.exe -k WbioSvcGroup|Manual (Triggered)|LocalSystem|O:SYG:SYD:(A;;CCLCSWRPWPDTLOCRRC;;;SY)(A;;CCDCLCSWRPWPDTLOCRSDRCWDWO;;;BA)(A;;CCLCSWRPLOCRRC;;;IU)(A;;CCLCSWLOCRRC;;;SU)(A;;CR;;;AU)(A;;CCLCRP;;;AC)S:(AU;FA;CCDCLCSWRPWPDTLOCRSDRCWDWO;;;WD)
Wcmsvc|Windows Connection Manager|C:\Windows\system32\svchost.exe -k LocalServiceNetworkRestricted -p|Auto (Triggered)|NT Authority\LocalService|O:SYG:SYD:(A;;CCLCSWRPWPDTLOCRRC;;;SY)(A;;CCDCLCSWRPWPDTLOCRSDRCWDWO;;;BA)(A;;CCLCSWLOCRRC;;;IU)(A;;CCLCSWLOCRRC;;;SU)
wcncsvc|Windows Connect Now - Config Registrar|C:\Windows\System32\svchost.exe -k LocalServiceAndNoImpersonation -p|Manual|NT AUTHORITY\LocalService|O:SYG:SYD:(A;;CCDCLCSWRPWPDTLOCRSDRCWDWO;;;SY)(A;;CCDCLCSWRPWPDTLOCRSDRCWDWO;;;BA)(A;;CCLCSWRPWPDTLOCRRC;;;IU)(A;;CCLCSWRPWPDTLOCRRC;;;LS)(A;;CCLCSWRPWPDTLOCRSDRC;;;NO)S:(AU;FA;CCDCLCSWRPWPDTLOCRSDRCWDWO;;;WD)
WdiServiceHost|Diagnostic Service Host|C:\Windows\System32\svchost.exe -k LocalService -p|Manual|NT AUTHORITY\LocalService|O:SYG:SYD:(A;;CCDCLCSWRPWPDTLOCRSDRCWDWO;;;SY)(A;;CCDCLCSWWPDTLOCRRC;;;BA)(A;;CCLCSWLOCRRC;;;IU)(A;;CCLCSWLOCRRC;;;SU)(A;;CCLCSWRPWPDTLOCRRC;;;S-1-5-80-2970612574-78537857-698502321-558674196-1451644582)S:(AU;FA;CCDCLCSWRPWPDTLOCRSDRCWDWO;;;WD)
WdiSystemHost|Diagnostic System Host|C:\Windows\System32\svchost.exe -k LocalSystemNetworkRestricted -p|Manual|LocalSystem|O:SYG:SYD:(A;;CCDCLCSWRPWPDTLOCRSDRCWDWO;;;SY)(A;;CCDCLCSWWPDTLOCRRC;;;BA)(A;;CCLCSWLOCRRC;;;IU)(A;;CCLCSWLOCRRC;;;SU)(A;;CCLCSWRPWPDTLOCRRC;;;S-1-5-80-2970612574-78537857-698502321-558674196-1451644582)S:(AU;FA;CCDCLCSWRPWPDTLOCRSDRCWDWO;;;WD)
WdNisSvc|Microsoft Defender Antivirus Network Inspection Service|&#34;C:\ProgramData\Microsoft\Windows Defender\Platform\4.18.24050.7-0\NisSrv.exe&#34;|Manual|NT AUTHORITY\LocalService|O:SYG:SYD:(A;;CCLCSWRPLOCRRC;;;BU)(A;;CCLCSWRPLOCRRC;;;SY)(A;;CCLCSWRPLOCRRC;;;BA)(A;;CCLCSWRPLOCRRC;;;IU)(A;;CCLCSWRPLOCRRC;;;SU)(A;;CCDCLCSWRPWPDTLOCRSDRCWDWO;;;S-1-5-80-1913148863-3492339771-4165695881-2087618961-4109116736)S:(AU;FA;CCDCLCSWRPWPDTLOCRSDRCWDWO;;;WD)
WebClient|WebClient|C:\Windows\system32\svchost.exe -k LocalService -p|Manual (Triggered)|NT AUTHORITY\LocalService|O:SYG:SYD:(A;;CCLCSWRPWPDTLOCRRC;;;SY)(A;;CCDCLCSWRPWPDTLOCRSDRCWDWO;;;BA)(A;;CCLCSWLOCRRC;;;IU)(A;;CCLCSWLOCRRC;;;SU)S:(AU;FA;CCDCLCSWRPWPDTLOCRSDRCWDWO;;;WD)
webthreatdefsvc|Web Threat Defense Service|C:\Windows\system32\svchost.exe -k WebThreatDefense -p|Manual (Triggered)|NT AUTHORITY\LocalService|O:SYG:SYD:(A;;CCLCSWRPWPDTLOCRRC;;;SY)(A;;CCDCLCSWRPWPDTLOCRSDRCWDWO;;;BA)(A;;CCLCSWLOCRRC;;;IU)(A;;CCLCSWLOCRRC;;;SU)S:(AU;FA;CCDCLCSWRPWPDTLOCRSDRCWDWO;;;WD)
Wecsvc|Windows Event Collector|C:\Windows\system32\svchost.exe -k NetworkService -p|Manual|NT AUTHORITY\NetworkService|O:SYG:SYD:(A;;CCLCSWRPWPDTLOCRRC;;;SY)(A;;CCDCLCSWRPWPDTLOCRSDRCWDWO;;;BA)(A;;CCLCSWLOCRRC;;;IU)(A;;CCLCSWLOCRRC;;;SU)S:(AU;FA;CCDCLCSWRPWPDTLOCRSDRCWDWO;;;WD)
WEPHOSTSVC|Windows Encryption Provider Host Service|C:\Windows\system32\svchost.exe -k WepHostSvcGroup|Manual (Triggered)|NT AUTHORITY\LocalService|O:SYG:SYD:(A;;CCLCSWRPWPDTLOCRRC;;;SY)(A;;CCDCLCSWRPWPDTLOCRSDRCWDWO;;;BA)(A;;CCLCSWLOCRRC;;;IU)(A;;CCLCSWLOCRRC;;;SU)S:(AU;FA;CCDCLCSWRPWPDTLOCRSDRCWDWO;;;WD)
wercplsupport|Problem Reports Control Panel Support|C:\Windows\System32\svchost.exe -k netsvcs -p|Manual|localSystem|O:SYG:SYD:(A;;CCLCSWRPWPDTLOCRRC;;;SY)(A;;CCDCLCSWRPWPDTLOCRSDRCWDWO;;;BA)(A;;CCLCSWLOCRRC;;;IU)(A;;CCLCSWLOCRRC;;;SU)S:(AU;FA;CCDCLCSWRPWPDTLOCRSDRCWDWO;;;WD)
WerSvc|Windows Error Reporting Service|C:\Windows\System32\svchost.exe -k WerSvcGroup|Manual (Triggered)|localSystem|O:SYG:SYD:(A;;CCLCSWRPWPDTLOCRRC;;;SY)(A;;CCDCLCSWRPWPDTLOCRSDRCWDWO;;;BA)(A;;CCLCSWLOCRRC;;;IU)(A;;CCLCSWLOCRRC;;;SU)S:(AU;FA;CCDCLCSWRPWPDTLOCRSDRCWDWO;;;WD)
WFDSConMgrSvc|Wi-Fi Direct Services Connection Manager Service|C:\Windows\system32\svchost.exe -k LocalServiceNetworkRestricted -p|Manual (Triggered)|NT AUTHORITY\LocalService|O:SYG:SYD:(A;;CCLCSWRPWPDTLOCRRC;;;SY)(A;;CCDCLCSWRPWPDTLOCRSDRCWDWO;;;BA)(A;;CCLCSWLOCRRC;;;IU)(A;;CCLCSWLOCRRC;;;SU)S:(AU;FA;CCDCLCSWRPWPDTLOCRSDRCWDWO;;;WD)
WiaRpc|Still Image Acquisition Events|C:\Windows\system32\svchost.exe -k LocalSystemNetworkRestricted -p|Manual|LocalSystem|O:SYG:SYD:(A;;CCLCSWRPWPDTLOCRRC;;;SY)(A;;CCDCLCSWRPWPDTLOCRSDRCWDWO;;;BA)(A;;CCLCSWLOCRRC;;;IU)(A;;CCLCSWLOCRRC;;;SU)(A;;CCLCSWRPLOCRRC;;;S-1-5-80-3182985763-1431228038-2757062859-428472846-3914011746)(A;;CR;;;AU)S:(AU;FA;CCDCLCSWRPWPDTLOCRSDRCWDWO;;;WD)
WinDefend|Microsoft Defender Antivirus Service|&#34;C:\ProgramData\Microsoft\Windows Defender\Platform\4.18.24050.7-0\MsMpEng.exe&#34;|Auto|LocalSystem|O:SYG:SYD:(A;;CCLCSWRPLOCRRC;;;BU)(A;;CCLCSWRPLOCRRC;;;SY)(A;;CCLCSWRPLOCRRC;;;BA)(A;;CCLCSWRPLOCRRC;;;IU)(A;;CCLCSWRPLOCRRC;;;SU)(A;;CCDCLCSWRPWPDTLOCRSDRCWDWO;;;S-1-5-80-1913148863-3492339771-4165695881-2087618961-4109116736)S:(AU;FA;CCDCLCSWRPWPDTLOCRSDRCWDWO;;;WD)
WinHttpAutoProxySvc|WinHTTP Web Proxy Auto-Discovery Service|C:\Windows\system32\svchost.exe -k LocalServiceNetworkRestricted -p|Manual|NT AUTHORITY\LocalService|O:SYG:SYD:(A;;CCLCSWRPLOSDRC;;;SY)(A;;CCLCSWRPLOSDRC;;;BA)(A;;CCLCSWRPLORC;;;AU)(A;;CCLCSWRPLORC;;;IU)(A;;CCLCSWRPLORC;;;SU)(A;;LCRPLO;;;AC)(A;;LCRPLO;;;S-1-15-3-1)(A;;LCRPLO;;;S-1-15-3-2)(A;;LCRPLO;;;S-1-15-3-3)S:(AU;FA;CCLCSWRPLOSDRC;;;WD)
Winmgmt|Windows Management Instrumentation|C:\Windows\system32\svchost.exe -k netsvcs -p|Auto|localSystem|O:SYG:SYD:(A;;CCLCSWRPWPDTLOCRRC;;;SY)(A;;CCDCLCSWRPWPDTLOCRSDRCWDWO;;;BA)(A;;CCLCSWLOCRRC;;;IU)(A;;CCLCSWLOCRRC;;;SU)S:(AU;FA;CCDCLCSWRPWPDTLOCRSDRCWDWO;;;WD)
WinRM|Windows Remote Management (WS-Management)|C:\Windows\System32\svchost.exe -k NetworkService -p|Manual|NT AUTHORITY\NetworkService|O:SYG:SYD:(A;;CCLCSWRPWPDTLOCRRC;;;SY)(A;;CCDCLCSWRPWPDTLOCRSDRCWDWO;;;BA)(A;;CCLCSWLOCRRC;;;IU)(A;;CCLCSWLOCRRC;;;SU)S:(AU;FA;CCDCLCSWRPWPDTLOCRSDRCWDWO;;;WD)
wisvc|Windows Insider Service|C:\Windows\system32\svchost.exe -k netsvcs -p|Manual (Triggered)|LocalSystem|O:SYG:SYD:(A;;CCLCSWRPWPDTLOCRRC;;;SY)(A;;CCDCLCSWRPWPDTLOCRSDRCWDWO;;;BA)(A;;CCLCSWLOCRRC;;;IU)(A;;CCLCSWLOCRRC;;;SU)S:(AU;FA;CCDCLCSWRPWPDTLOCRSDRCWDWO;;;WD)
WlanSvc|WLAN AutoConfig|C:\Windows\system32\svchost.exe -k LocalSystemNetworkRestricted -p|Manual|LocalSystem|O:SYG:SYD:(A;;CCLCSWRPWPDTLOCRRC;;;SY)(A;;CCDCLCSWRPWPDTLOCRSDRCWDWO;;;BA)(A;;CCLCSWLOCRRC;;;IU)(A;;CCLCSWLOCRRC;;;SU)(A;;LCRPWP;;;S-1-5-80-3635958274-2059881490-2225992882-984577281-633327304)(A;;RPWPDT;;;S-1-5-80-3906544942-1489856346-3706913989-164347954-1900376235)
wlidsvc|Microsoft Account Sign-in Assistant|C:\Windows\system32\svchost.exe -k netsvcs -p|Manual (Triggered)|LocalSystem|O:SYG:SYD:(A;;CCLCSWRPWPDTLOCRRC;;;SY)(A;;CCDCLCSWRPWPDTLOCRSDRCWDWO;;;BA)(A;;CCLCSWRPLOCRRC;;;IU)(A;;CCLCSWLOCRRC;;;SU)
wlpasvc|Local Profile Assistant Service|C:\Windows\system32\svchost.exe -k LocalServiceNetworkRestricted -p|Manual (Triggered)|NT Authority\LocalService|O:SYG:SYD:(A;;CCLCSWRPWPDTLOCRRC;;;SY)(A;;CCDCLCSWRPWPDTLOCRRC;;;LS)(A;;CCDCLCSWRPWPDTLOCRSDRCWDWO;;;BA)(A;;CCLCSWLORC;;;IU)(A;;CCLCSWLOCRRC;;;SU)(A;;CCLCSWLORC;;;S-1-15-2-155514346-2573954481-755741238-1654018636-1233331829-3075935687-2861478708)(A;;CCLCSWLORC;;;S-1-15-2-3083765670-2301828090-3288705196-2597965991-2057664196-4044987863-2761340229)(A;;CCLCSWLORC;;;S-1-15-2-3784866113-3187381476-3433752343-3391928953-3760210436-1684329488-1912184601)
WManSvc|Windows Management Service|C:\Windows\system32\svchost.exe -k netsvcs -p|Manual|LocalSystem|O:SYG:SYD:(A;;CCLCSWRPWPDTLOCRRC;;;SY)(A;;CCDCLCSWRPWPDTLOCRSDRCWDWO;;;BA)(A;;CCLCSWLOCRRC;;;IU)(A;;CCLCSWLOCRRC;;;SU)S:(AU;FA;CCDCLCSWRPWPDTLOCRSDRCWDWO;;;WD)
wmiApSrv|WMI Performance Adapter|C:\Windows\system32\wbem\WmiApSrv.exe|Manual|localSystem|O:SYG:SYD:(A;;CCLCSWRPWPDTLOCRRC;;;SY)(A;;CCDCLCSWRPWPDTLOCRSDRCWDWO;;;BA)(A;;CCLCSWLOCRRC;;;IU)(A;;CCLCSWLOCRRC;;;SU)S:(AU;FA;CCDCLCSWRPWPDTLOCRSDRCWDWO;;;WD)
WMPNetworkSvc|Windows Media Player Network Sharing Service|&#34;C:\Program Files\Windows Media Player\wmpnetwk.exe&#34;|Manual|NT AUTHORITY\NetworkService|O:SYG:SYD:(A;;CCLCSWRPWPDTLOCRRC;;;SY)(A;;CCDCLCSWRPWPDTLOCRSDRCWDWO;;;BA)(A;;CCLCSWRPLOCRRC;;;IU)(A;;CCLCSWLOCRRC;;;SU)S:(AU;FA;CCDCLCSWRPWPDTLOCRSDRCWDWO;;;WD)
workfolderssvc|Work Folders|C:\Windows\System32\svchost.exe -k LocalService -p|Manual|NT AUTHORITY\LocalService|O:SYG:SYD:(A;;CCLCSWRPWPDTLOCRRC;;;SY)(A;;CCDCLCSWRPWPDTLOCRSDRCWDWO;;;BA)(A;;CCLCSWLOCRRC;;;IU)(A;;CCLCSWLOCRRC;;;SU)S:(AU;FA;CCDCLCSWRPWPDTLOCRSDRCWDWO;;;WD)
WpcMonSvc|Parental Controls|C:\Windows\system32\svchost.exe -k LocalService|Manual|LocalSystem|O:SYG:SYD:(A;;CCLCSWRPWPDTLOCRRC;;;SY)(A;;CCDCLCSWRPWPDTLOCRSDRCWDWO;;;BA)(A;;CCLCSWLOCRRC;;;IU)(A;;CCLCSWLOCRRC;;;SU)S:(AU;FA;CCDCLCSWRPWPDTLOCRSDRCWDWO;;;WD)
WPDBusEnum|Portable Device Enumerator Service|C:\Windows\system32\svchost.exe -k LocalSystemNetworkRestricted|Manual (Triggered)|LocalSystem|O:SYG:SYD:(A;;CCLCSWRPWPDTLOCRRC;;;SY)(A;;CCDCLCSWRPWPDTLOCRSDRCWDWO;;;BA)(A;;CCLCSWLOCRRC;;;IU)(A;;CCLCSWLOCRRC;;;SU)S:(AU;FA;CCDCLCSWRPWPDTLOCRSDRCWDWO;;;WD)
WpnService|Windows Push Notifications System Service|C:\Windows\system32\svchost.exe -k netsvcs -p|Auto|LocalSystem|O:SYG:SYD:(A;;CCLCSWRPWPDTLOCRRC;;;SY)(A;;CCDCLCSWRPWPDTLOCRSDRCWDWO;;;BA)(A;;CCLCSWLOCRRC;;;IU)(A;;CCLCSWLOCRRC;;;SU)
wscsvc|Security Center|C:\Windows\System32\svchost.exe -k LocalServiceNetworkRestricted -p|Auto (Delayed)|NT AUTHORITY\LocalService|O:SYG:SYD:(A;;CCLCSWRPLORC;;;BU)(A;;CCLCSWRPLOCRRC;;;SY)(A;;CCLCSWRPLOCRRC;;;BA)(A;;CCLCSWRPLORC;;;IU)(A;;CCLCSWRPLORC;;;SU)(A;;CCLCSWRPWPDTLOCRRC;;;S-1-5-80-1601830629-990752416-3372939810-977361409-3075122917)(A;;CCDCLCSWRPWPDTLOCRSDRCWDWO;;;S-1-5-80-956008885-3418522649-1831038044-1853292631-2271478464)(A;;CCDCLCSWRPWPDTLOCRSDRCWDWO;;;S-1-5-80-259296475-4084429506-1152984619-38739575-565535606)S:(AU;FA;CCDCLCSWRPWPDTLOCRSDRCWDWO;;;WD)
WSearch|Windows Search|C:\Windows\system32\SearchIndexer.exe /Embedding|Auto (Delayed)|LocalSystem|O:SYG:SYD:(A;;CCLCSWRPWPDTLOCRRC;;;SY)(A;;CCDCLCSWRPWPDTLOCRSDRCWDWO;;;BA)(A;;CCLCSWLOCRRC;;;IU)(A;;CCLCSWLOCRRC;;;SU)(A;;CCLCSWLORC;;;S-1-15-3-1024-724741592-1210917904-489960769-637019204-3345707629-3097053430-1727148295-85063603)
wuauserv|Windows Update|C:\Windows\system32\svchost.exe -k netsvcs -p|Manual (Triggered)|LocalSystem|O:SYG:SYD:(A;;CCLCSWRPLORC;;;AU)(A;;CCDCLCSWRPWPDTLOCRSDRCWDWO;;;BA)(A;;CCDCLCSWRPWPDTLOCRSDRCWDWO;;;SY)S:(AU;FA;CCDCLCSWRPWPDTLOSDRCWDWO;;;WD)
WwanSvc|WWAN AutoConfig|C:\Windows\system32\svchost.exe -k LocalSystemNetworkRestricted -p|Manual|localSystem|O:SYG:SYD:(A;;CCLCSWRPWPDTLOCRRC;;;SY)(A;;CCDCLCSWRPWPDTLOCRSDRCWDWO;;;BA)(A;;CCLCSWLOCRRC;;;IU)(A;;CCLCSWLOCRRC;;;SU)(A;;CCLCRPLO;;;LS)(A;;LC;;;AC)
XblAuthManager|Xbox Live Auth Manager|C:\Windows\system32\svchost.exe -k netsvcs -p|Manual|LocalSystem|O:SYG:SYD:(A;;CCLCSWRPWPDTLOCRRC;;;SY)(A;;CCDCLCSWRPWPDTLOCRSDRCWDWO;;;BA)(A;;CCLCSWLOCRRC;;;IU)(A;;CCLCSWLOCRRC;;;SU)S:(AU;FA;CCDCLCSWRPWPDTLOCRSDRCWDWO;;;WD)
XblGameSave|Xbox Live Game Save|C:\Windows\system32\svchost.exe -k netsvcs -p|Manual (Triggered)|LocalSystem|O:SYG:SYD:(A;;CCLCSWRPWPDTLOCRRC;;;SY)(A;;CCDCLCSWRPWPDTLOCRSDRCWDWO;;;BA)(A;;CCLCSWLOCRRC;;;IU)(A;;CCLCSWLOCRRC;;;SU)S:(AU;FA;CCDCLCSWRPWPDTLOCRSDRCWDWO;;;WD)
XboxGipSvc|Xbox Accessory Management Service|C:\Windows\system32\svchost.exe -k netsvcs -p|Manual (Triggered)|LocalSystem|O:SYG:SYD:(A;;CCLCSWRPWPDTLOCRRC;;;SY)(A;;CCDCLCSWRPWPDTLOCRSDRCWDWO;;;BA)(A;;CCLCSWLOCRRC;;;IU)(A;;CCLCSWLOCRRC;;;SU)S:(AU;FA;CCDCLCSWRPWPDTLOCRSDRCWDWO;;;WD)
XboxNetApiSvc|Xbox Live Networking Service|C:\Windows\system32\svchost.exe -k netsvcs -p|Manual|LocalSystem|O:SYG:SYD:(A;;CCLCSWRPWPDTLOCRRC;;;SY)(A;;CCDCLCSWRPWPDTLOCRSDRCWDWO;;;BA)(A;;CCLCSWLOCRRC;;;IU)(A;;CCLCSWLOCRRC;;;SU)S:(AU;FA;CCDCLCSWRPWPDTLOCRSDRCWDWO;;;WD)
AarSvc|Agent Activation Runtime_5b697|C:\Windows\system32\svchost.exe -k AarSvcGroup -p|Manual||O:SYG:SYD:(A;;CCLCSWRPWPDTLOCRRC;;;SY)(A;;CCDCLCSWRPWPDTLOCRSDRCWDWO;;;BA)(A;;CCLCSWLOCRRC;;;IU)(A;;CCLCSWLOCRRC;;;SU)S:(AU;FA;CCDCLCSWRPWPDTLOCRSDRCWDWO;;;WD)
BcastDVRUserService|GameDVR and Broadcast User Service_5b697|C:\Windows\system32\svchost.exe -k BcastDVRUserService|Manual||O:SYG:SYD:(A;;CCLCSWRPWPDTLOCRRC;;;SU)(A;;CCLCSWRPWPDTLOCRRC;;;IU)(A;;CCLCSWRPWPDTLOCRRC;;;AU)(A;;CCLCSWRPWPDTLOCRRC;;;AC)(A;;CCDCLCSWRPWPDTLOCRSDRCWDWO;;;BA)
BluetoothUserService|Bluetooth User Support Service_5b697|C:\Windows\system32\svchost.exe -k BthAppGroup -p|Manual (Triggered)||O:SYG:SYD:(A;;CCLCSWRPWPDTLOCRRC;;;SY)(A;;CCDCLCSWRPWPDTLOCRSDRCWDWO;;;BA)(A;;CCLCSWLOCRRC;;;IU)(A;;CCLCSWLOCRRC;;;SU)S:(AU;FA;CCDCLCSWRPWPDTLOCRSDRCWDWO;;;WD)
CaptureService|CaptureService_5b697|C:\Windows\system32\svchost.exe -k LocalService -p|Manual||O:SYG:SYD:(A;;CCLCSWRPWPDTLOCRRC;;;SY)(A;;CCDCLCSWRPWPDTLOCRSDRCWDWO;;;BA)(A;;CCLCSWLOCRRC;;;IU)(A;;CCLCSWLOCRRC;;;SU)S:(AU;FA;CCDCLCSWRPWPDTLOCRSDRCWDWO;;;WD)
cbdhsvc|Clipboard User Service_5b697|C:\Windows\system32\svchost.exe -k ClipboardSvcGroup -p|Auto||O:SYG:SYD:(A;;CCLCSWRPWPDTLOCRRC;;;SY)(A;;CCDCLCSWRPWPDTLOCRSDRCWDWO;;;BA)(A;;CCLCSWLOCRRC;;;IU)(A;;CCLCSWLOCRRC;;;SU)(A;;CR;;;AU)S:(AU;FA;CCDCLCSWRPWPDTLOCRSDRCWDWO;;;WD)
CDPUserSvc|Connected Devices Platform User Service_5b697|C:\Windows\system32\svchost.exe -k UnistackSvcGroup|Auto||O:SYG:SYD:(A;;CCLCSWRPWPDTLOCRRC;;;SY)(A;;CCDCLCSWRPWPDTLOCRSDRCWDWO;;;BA)(A;;CCLCSWLOCRRC;;;IU)(A;;CCLCSWLOCRRC;;;SU)(A;;CR;;;AU)S:(AU;FA;CCDCLCSWRPWPDTLOCRSDRCWDWO;;;WD)
CloudBackupRestoreSvc|Cloud Backup and Restore Service_5b697|C:\Windows\system32\svchost.exe -k UnistackSvcGroup|Manual||O:SYG:SYD:(A;;CCLCSWRPWPDTLOCRRC;;;SY)(A;;CCDCLCSWRPWPDTLOCRSDRCWDWO;;;BA)(A;;CCLCSWLOCRRC;;;IU)(A;;CCLCSWLOCRRC;;;SU)S:(AU;FA;CCDCLCSWRPWPDTLOCRSDRCWDWO;;;WD)
ConsentUxUserSvc|ConsentUX User Service_5b697|C:\Windows\system32\svchost.exe -k DevicesFlow|Manual||O:SYG:SYD:(A;;CCLCSWRPWPDTLOCRRC;;;SU)(A;;CCLCSWRPWPDTLOCRRC;;;IU)(A;;CCLCSWRPWPDTLOCRRC;;;AU)(A;;CCDCLCSWRPWPDTLOCRSDRCWDWO;;;BA)
CredentialEnrollmentManagerUserSvc|CredentialEnrollmentManagerUserSvc_5b697|C:\Windows\system32\CredentialEnrollmentManager.exe|Manual||O:SYG:SYD:(A;;CCLCSWRPWPDTLOCRRC;;;SU)(A;;CCLCSWRPWPDTLOCRRC;;;IU)(A;;CCLCSWRPWPDTLOCRRC;;;AU)(A;;CCLCSWRPWPDTLOCRRC;;;AC)
DeviceAssociationBrokerSvc|DeviceAssociationBroker_5b697|C:\Windows\system32\svchost.exe -k DevicesFlow -p|Manual||O:SYG:SYD:(A;;CCLCSWRPWPDTLOCRRC;;;SU)(A;;CCLCSWRPWPDTLOCRRC;;;IU)(A;;CCLCSWRPWPDTLOCRRC;;;AU)(A;;CCLCSWRPWPDTLOCRRC;;;AC)
DevicePickerUserSvc|DevicePicker_5b697|C:\Windows\system32\svchost.exe -k DevicesFlow|Manual||O:SYG:SYD:(A;;CCLCSWRPWPDTLOCRRC;;;SU)(A;;CCDCLCSWRPWPDTLOCRSDRCWDWO;;;BA)(A;;CCLCSWRPWPDTLOCRRC;;;IU)(A;;CCLCSWRPWPDTLOCRRC;;;AU)(A;;CCLCSWRPWPDTLOCRRC;;;AC)(A;;CCLCSWRPWPDTLOCRRC;;;S-1-5-21-2702878673-795188819-444038987-2781)
DevicesFlowUserSvc|DevicesFlow_5b697|C:\Windows\system32\svchost.exe -k DevicesFlow|Manual||O:SYG:SYD:(A;;CCLCSWRPWPDTLOCRRC;;;SU)(A;;CCDCLCSWRPWPDTLOCRSDRCWDWO;;;BA)(A;;CCLCSWRPWPDTLOCRRC;;;IU)(A;;CCLCSWRPWPDTLOCRRC;;;AU)(A;;CCLCSWRPWPDTLOCRRC;;;AC)(A;;CCLCSWRPWPDTLOCRRC;;;S-1-5-21-2702878673-795188819-444038987-2781)
MessagingService|MessagingService_5b697|C:\Windows\system32\svchost.exe -k UnistackSvcGroup|Manual (Triggered)||O:SYG:SYD:(A;;CCLCSWRPWPDTLOCRRC;;;SY)(A;;CCDCLCSWRPWPDTLOCRSDRCWDWO;;;BA)(A;;CCLCSWLOCRRC;;;IU)(A;;CCLCSWLOCRRC;;;SU)S:(AU;FA;CCDCLCSWRPWPDTLOCRSDRCWDWO;;;WD)
NPSMSvc|NPSMSvc_5b697|C:\Windows\system32\svchost.exe -k LocalService -p|Manual||O:SYG:SYD:(A;;CCLCSWRPWPDTLOCRRC;;;SY)(A;;CCDCLCSWRPWPDTLOCRSDRCWDWO;;;BA)(A;;CCLCSWLOCRRC;;;IU)(A;;CCLCSWLOCRRC;;;SU)(A;;CR;;;AU)S:(AU;FA;CCDCLCSWRPWPDTLOCRSDRCWDWO;;;WD)
OneSyncSvc|Sync Host_5b697|C:\Windows\system32\svchost.exe -k UnistackSvcGroup|Auto||O:SYG:SYD:(A;;CCLCSWLOCRRC;;;IU)(A;;CCLCSWLOCRRC;;;SU)(A;;CCDCLCSWRPWPDTLOCRSDRCWDWO;;;SY)(A;;CCDCLCSWRPWPDTLOCRSDRCWDWO;;;BA)(A;;LCRP;;;AC)(A;;LCRP;;;IU)(A;;LCRP;;;AU)
P9RdrService|P9RdrService_5b697|C:\Windows\system32\svchost.exe -k P9RdrService -p|Manual (Triggered)||O:SYG:SYD:(A;;CCLCSWRPWPDTLOCRRC;;;SY)(A;;CCDCLCSWRPWPDTLOCRSDRCWDWO;;;BA)(A;;CCLCSWLOCRRC;;;IU)(A;;CCLCSWLOCRRC;;;SU)S:(AU;FA;CCDCLCSWRPWPDTLOCRSDRCWDWO;;;WD)
PenService|PenService_5b697|C:\Windows\system32\svchost.exe -k PenService|Manual (Triggered)||O:SYG:SYD:(A;;CCLCSWRPWPDTLOCRRC;;;SY)(A;;CCDCLCSWRPWPDTLOCRSDRCWDWO;;;BA)(A;;CCLCSWLOCRRC;;;IU)(A;;CCLCSWLOCRRC;;;SU)S:(AU;FA;CCDCLCSWRPWPDTLOCRSDRCWDWO;;;WD)
PimIndexMaintenanceSvc|Contact Data_5b697|C:\Windows\system32\svchost.exe -k UnistackSvcGroup|Manual||O:SYG:SYD:(A;;CCLCSWRPWPDTLOCRRC;;;SU)(A;;CCLCSWRPWPDTLOCRRC;;;IU)(A;;CCLCSWRPWPDTLOCRRC;;;AU)(A;;CCLCSWRPWPDTLOCRRC;;;AC)(A;;CCDCLCSWRPWPDTLOCRSDRCWDWO;;;BA)
PrintWorkflowUserSvc|PrintWorkflow_5b697|C:\Windows\system32\svchost.exe -k PrintWorkflow|Manual (Triggered)||O:SYG:SYD:(A;;CCLCSWRPWPDTLOCRRC;;;SU)(A;;CCLCSWRPWPDTLOCRRC;;;IU)(A;;CCLCSWRPWPDTLOCRRC;;;AU)(A;;CCLCSWRPWPDTLOCRRC;;;AC)(A;;CCLCSWRPWPDTLOCRRC;;;S-1-15-3-1024-4044835139-2658482041-3127973164-329287231-3865880861-1938685643-461067658-1087000422)(A;;CCLCSWRPWPDTLOCRRC;;;S-1-5-21-2702878673-795188819-444038987-2781)
UdkUserSvc|Udk User Service_5b697|C:\Windows\system32\svchost.exe -k UdkSvcGroup|Manual||O:SYG:SYD:(A;;CCLCSWRPWPDTLOCRRC;;;SU)(A;;CCLCSWRPWPDTLOCRRC;;;IU)(A;;CCLCSWRPWPDTLOCRRC;;;AU)(A;;CCLCSWRPWPDTLOCRRC;;;AC)(A;;CCDCLCSWRPWPDTLOCRSDRCWDWO;;;BA)
UnistoreSvc|User Data Storage_5b697|C:\Windows\System32\svchost.exe -k UnistackSvcGroup|Manual||O:SYG:SYD:(A;;CCLCSWRPWPDTLOCRRC;;;SU)(A;;CCLCSWRPWPDTLOCRRC;;;IU)(A;;CCLCSWRPWPDTLOCRRC;;;AU)(A;;CCLCSWRPWPDTLOCRRC;;;AC)(A;;CCDCLCSWRPWPDTLOCRSDRCWDWO;;;BA)
UserDataSvc|User Data Access_5b697|C:\Windows\system32\svchost.exe -k UnistackSvcGroup|Manual||O:SYG:SYD:(A;;CCLCSWRPWPDTLOCRRC;;;SU)(A;;CCLCSWRPWPDTLOCRRC;;;IU)(A;;CCLCSWRPWPDTLOCRRC;;;AU)(A;;CCLCSWRPWPDTLOCRRC;;;AC)(A;;CCDCLCSWRPWPDTLOCRSDRCWDWO;;;BA)
webthreatdefusersvc|Web Threat Defense User Service_5b697|C:\Windows\system32\svchost.exe -k LocalSystemNetworkRestricted -p|Auto||O:SYG:SYD:(A;;CCLCSWRPWPDTLOCRRC;;;SY)(A;;CCDCLCSWRPWPDTLOCRSDRCWDWO;;;BA)(A;;CCLCSWLOCRRC;;;IU)(A;;CCLCSWLOCRRC;;;SU)S:(AU;FA;CCDCLCSWRPWPDTLOCRSDRCWDWO;;;WD)
WpnUserService|Windows Push Notifications User Service_5b697|C:\Windows\system32\svchost.exe -k UnistackSvcGroup|Auto||O:SYG:SYD:(A;;CCLCSWRPWPDTLOCRRC;;;SU)(A;;CCLCSWRPWPDTLOCRRC;;;IU)(A;;CCLCSWRPWPDTLOCRRC;;;AU)(A;;CCLCSWRPWPDTLOCRRC;;;AC)(A;;CCDCLCSWRPWPDTLOCRSDRCWDWO;;;BA)
